<html>
<body>
<pre>
<h1>µVision Build Log</h1>
<h2>Project:</h2>
E:\work\Charger\Soft\MY\prj\uDisk.uvproj
Project File Date:  07/21/2016

<h2>Output:</h2>
Build target 'Target 1'
assembling keil_startup_lpc18xx43xx.s...
compiling uDisk.c...
compiling MassStorage.c...
compiling MassStorageDescriptors.c...
compiling MassStorageHost.c...
compiling sdmmc.c...
compiling SCSI.c...
compiling param.c...
compiling board_ngx_xplorer_18304330.c...
compiling sysinit_ngx_xplorer_18304330.c...
compiling diskio.c...
compiling ff.c...
compiling fs_mci.c...
compiling fs_usb.c...
compiling rtc.c...
compiling adc_001.c...
compiling atimer_001.c...
compiling emc_001.c...
compiling enet_001.c...
compiling fpu_init.c...
compiling gpdma_001.c...
compiling gpioint_001.c...
compiling gpiopinint_001.c...
compiling i2c_001.c...
compiling i2s_001.c...
compiling lcd_001.c...
compiling ritimer_001.c...
compiling rtc_001.c...
compiling sdmmc_001.c...
compiling ssp_001.c...
compiling timer_001.c...
compiling usart_001.c...
compiling wwdt_001.c...
compiling sct_001.c...
compiling ccan_001.c...
compiling dac_001.c...
compiling adc_18xx_43xx.c...
compiling aes_18xx_43xx.c...
compiling atimer_18xx_43xx.c...
compiling ccan_18xx_43xx.c...
compiling clock_18xx_43xx.c...
compiling dac_18xx_43xx.c...
compiling emc_18xx_43xx.c...
compiling enet_18xx_43xx.c...
compiling evrt_18xx_43xx.c...
compiling gpdma_18xx_43xx.c...
compiling gpio_18xx_43xx.c...
compiling i2c_18xx_43xx.c...
compiling i2s_18xx_43xx.c...
compiling lcd_18xx_43xx.c...
compiling otp_18xx_43xx.c...
compiling pmc_18xx_43xx.c...
compiling rgu_18xx_43xx.c...
compiling ritimer_18xx_43xx.c...
compiling rtc_18xx_43xx.c...
compiling sct_18xx_43xx.c...
compiling scu_18xx_43xx.c...
compiling sdmmc_18xx_43xx.c...
compiling ssp_18xx_43xx.c...
compiling timer_18xx_43xx.c...
compiling uart_18xx_43xx.c...
compiling wwdt_18xx_43xx.c...
compiling HIDParser.c...
compiling AudioClassDevice.c...
compiling CDCClassDevice.c...
compiling HIDClassDevice.c...
compiling MassStorageClassDevice.c...
compiling MIDIClassDevice.c...
compiling RNDISClassDevice.c...
compiling AudioClassHost.c...
compiling CDCClassHost.c...
compiling HIDClassHost.c...
compiling MassStorageClassHost.c...
compiling MIDIClassHost.c...
compiling PrinterClassHost.c...
compiling RNDISClassHost.c...
compiling StillImageClassHost.c...
compiling ConfigDescriptor.c...
compiling Device.c...
compiling DeviceStandardReq.c...
compiling Endpoint.c...
compiling EndpointStream.c...
compiling Events.c...
compiling Host.c...
compiling HostStandardReq.c...
compiling Pipe.c...
compiling PipeStream.c...
compiling USBController.c...
compiling USBMemory.c...
compiling USBTask.c...
compiling HAL_LPC18xx.c...
compiling EHCI.c...
compiling OHCI.c...
compiling HCD.c...
compiling Endpoint_LPC18xx.c...
compiling usbd_adcuser.c...
compiling usbd_cdc.c...
compiling usbd_hid.c...
compiling usbd_msc.c...
compiling usbd_rom.c...
linking...
Program Size: Code=31568 RO-data=992 RW-data=300 ZI-data=35812  
FromELF: creating hex file...
".\obj\uDisk.axf" - 0 Errors, 0 Warning(s).
