ARM Linker, 5.03 [Build 76] [MDK-ARM Standard]

==============================================================================

Section Cross References

    keil_startup_lpc18xx43xx.o(STACK) refers (Special) to heapauxi.o(.text) for __use_two_region_memory
    keil_startup_lpc18xx43xx.o(HEAP) refers (Special) to heapauxi.o(.text) for __use_two_region_memory
    keil_startup_lpc18xx43xx.o(RESET) refers (Special) to heapauxi.o(.text) for __use_two_region_memory
    keil_startup_lpc18xx43xx.o(RESET) refers to keil_startup_lpc18xx43xx.o(STACK) for __initial_sp
    keil_startup_lpc18xx43xx.o(RESET) refers to keil_startup_lpc18xx43xx.o(.text) for Reset_Handler
    keil_startup_lpc18xx43xx.o(RESET) refers to sdmmc.o(i.SDIO_IRQHandler) for SDIO_IRQHandler
    keil_startup_lpc18xx43xx.o(RESET) refers to hal_lpc18xx.o(i.USB0_IRQHandler) for USB0_IRQHandler
    keil_startup_lpc18xx43xx.o(RESET) refers to hal_lpc18xx.o(i.USB1_IRQHandler) for USB1_IRQHandler
    keil_startup_lpc18xx43xx.o(RESET) refers to board_ngx_xplorer_18304330.o(i.GPIO0_IRQHandler) for GPIO0_IRQHandler
    keil_startup_lpc18xx43xx.o(.text) refers (Special) to heapauxi.o(.text) for __use_two_region_memory
    keil_startup_lpc18xx43xx.o(.text) refers to sysinit_ngx_xplorer_18304330.o(i.SystemInit) for SystemInit
    keil_startup_lpc18xx43xx.o(.text) refers to __main.o(!!!main) for __main
    keil_startup_lpc18xx43xx.o(.text) refers to keil_startup_lpc18xx43xx.o(HEAP) for Heap_Mem
    keil_startup_lpc18xx43xx.o(.text) refers to keil_startup_lpc18xx43xx.o(STACK) for Stack_Mem
    udisk.o(i.main) refers to _printf_percent.o(.ARM.Collect$$_printf_percent$$00000000) for _printf_percent
    udisk.o(i.main) refers to _printf_d.o(.ARM.Collect$$_printf_percent$$00000009) for _printf_d
    udisk.o(i.main) refers to _printf_dec.o(.text) for _printf_int_dec
    udisk.o(i.main) refers to board_ngx_xplorer_18304330.o(i.Board_Init) for Board_Init
    udisk.o(i.main) refers to noretval__2printf.o(.text) for __2printf
    udisk.o(i.main) refers to clock_18xx_43xx.o(i.Chip_Clock_GetRate) for Chip_Clock_GetRate
    udisk.o(i.main) refers to massstorage.o(i.MassStorageDeviceSetupHardware) for MassStorageDeviceSetupHardware
    udisk.o(i.main) refers to massstoragehost.o(i.MassStorageHostSetupHardware) for MassStorageHostSetupHardware
    udisk.o(i.main) refers to usbcontroller.o(i.USB_GetCurrentMode) for USB_GetCurrentMode
    udisk.o(i.main) refers to massstorageclassdevice.o(i.MS_Device_USBTask) for MS_Device_USBTask
    udisk.o(i.main) refers to usbtask.o(i.USB_USBTask) for USB_USBTask
    udisk.o(i.main) refers to massstorage.o(.data) for Disk_MS_Interface
    massstorage.o(i.CALLBACK_MS_Device_SCSICommandReceived) refers to scsi.o(i.SCSI_DecodeSCSICommand) for SCSI_DecodeSCSICommand
    massstorage.o(i.EVENT_USB_Device_MassStorage_ConfigurationChanged) refers to massstorageclassdevice.o(i.MS_Device_ConfigureEndpoints) for MS_Device_ConfigureEndpoints
    massstorage.o(i.EVENT_USB_Device_MassStorage_ConfigurationChanged) refers to massstorage.o(.data) for Disk_MS_Interface
    massstorage.o(i.EVENT_USB_Device_MassStorage_ControlRequest) refers to massstorageclassdevice.o(i.MS_Device_ProcessControlRequest) for MS_Device_ProcessControlRequest
    massstorage.o(i.EVENT_USB_Device_MassStorage_ControlRequest) refers to massstorage.o(.data) for Disk_MS_Interface
    massstorage.o(i.MassStorageDeviceSetupHardware) refers to sdmmc.o(i.SDMMCSetupHardware) for SDMMCSetupHardware
    massstorage.o(i.MassStorageDeviceSetupHardware) refers to sdmmc.o(i.SDMMCAcquire) for SDMMCAcquire
    massstorage.o(i.MassStorageDeviceSetupHardware) refers to usbcontroller.o(i.USB_Init) for USB_Init
    massstorage.o(i.MassStorageDeviceSetupHardware) refers to massstorage.o(.data) for Disk_MS_Interface
    massstorage.o(i.MassStorageDeviceShutdownHardware) refers to usbcontroller.o(i.USB_Disable) for USB_Disable
    massstorage.o(i.MassStorageDeviceShutdownHardware) refers to massstorage.o(.data) for Disk_MS_Interface
    massstoragedescriptors.o(i.CALLBACK_USB_MassStorage_GetDescriptor) refers to massstoragedescriptors.o(.data) for MassStorageDeviceDescriptor
    massstoragehost.o(i.EVENT_USB_Host_DeviceAttached) refers to _printf_percent.o(.ARM.Collect$$_printf_percent$$00000000) for _printf_percent
    massstoragehost.o(i.EVENT_USB_Host_DeviceAttached) refers to _printf_d.o(.ARM.Collect$$_printf_percent$$00000009) for _printf_d
    massstoragehost.o(i.EVENT_USB_Host_DeviceAttached) refers to _printf_dec.o(.text) for _printf_int_dec
    massstoragehost.o(i.EVENT_USB_Host_DeviceAttached) refers to noretval__2printf.o(.text) for __2printf
    massstoragehost.o(i.EVENT_USB_Host_DeviceEnumerationComplete) refers to _printf_percent.o(.ARM.Collect$$_printf_percent$$00000000) for _printf_percent
    massstoragehost.o(i.EVENT_USB_Host_DeviceEnumerationComplete) refers to _printf_d.o(.ARM.Collect$$_printf_percent$$00000009) for _printf_d
[...]
    i.USB_Host_ClearEndpointStall            0x00006e00   Section        0  hoststandardreq.o(i.USB_Host_ClearEndpointStall)
    i.USB_Host_DeEnumerate                   0x00006e3c   Section        0  host.o(i.USB_Host_DeEnumerate)
    i.USB_Host_Enumerate                     0x00006e80   Section        0  host.o(i.USB_Host_Enumerate)
    i.USB_Host_GetActiveHost                 0x00006e98   Section        0  host.o(i.USB_Host_GetActiveHost)
    i.USB_Host_GetDeviceConfigDescriptor     0x00006ea4   Section        0  configdescriptor.o(i.USB_Host_GetDeviceConfigDescriptor)
    i.USB_Host_GetFrameNumber                0x00006f38   Section        0  host.o(i.USB_Host_GetFrameNumber)
    i.USB_Host_ProcessNextHostState          0x00006f48   Section        0  host.o(i.USB_Host_ProcessNextHostState)
    i.USB_Host_SendControlRequest            0x00007188   Section        0  hoststandardreq.o(i.USB_Host_SendControlRequest)
    i.USB_Host_SetDeviceConfiguration        0x000072b4   Section        0  hoststandardreq.o(i.USB_Host_SetDeviceConfiguration)
    i.USB_Host_SetDeviceSpeed                0x0000730c   Section        0  host.o(i.USB_Host_SetDeviceSpeed)
    i.USB_Host_WaitMS                        0x00007318   Section        0  host.o(i.USB_Host_WaitMS)
    i.USB_Init                               0x00007320   Section        0  usbcontroller.o(i.USB_Init)
    i.USB_Init_Device                        0x00007364   Section        0  usbcontroller.o(i.USB_Init_Device)
    USB_Init_Device                          0x00007365   Thumb Code    56  usbcontroller.o(i.USB_Init_Device)
    i.USB_Init_Host                          0x000073ac   Section        0  usbcontroller.o(i.USB_Init_Host)
    USB_Init_Host                            0x000073ad   Thumb Code    58  usbcontroller.o(i.USB_Init_Host)
    i.USB_Memory_Alloc                       0x000073f8   Section        0  usbmemory.o(i.USB_Memory_Alloc)
    i.USB_Memory_Free                        0x000074b0   Section        0  usbmemory.o(i.USB_Memory_Free)
    i.USB_Memory_Init                        0x0000757c   Section        0  usbmemory.o(i.USB_Memory_Init)
    i.USB_ResetInterface                     0x000075a8   Section        0  usbcontroller.o(i.USB_ResetInterface)
    i.USB_USBTask                            0x000075c6   Section        0  usbtask.o(i.USB_USBTask)
    i.UsbErrorIsr                            0x000075e4   Section        0  ehci.o(i.UsbErrorIsr)
    UsbErrorIsr                              0x000075e5   Thumb Code    56  ehci.o(i.UsbErrorIsr)
    i.WaitForTransferComplete                0x0000761c   Section        0  ehci.o(i.WaitForTransferComplete)
    WaitForTransferComplete                  0x0000761d   Thumb Code    36  ehci.o(i.WaitForTransferComplete)
    i._is_digit                              0x00007640   Section        0  __printf_wp.o(i._is_digit)
    i._sys_exit                              0x0000764e   Section        0  board_ngx_xplorer_18304330.o(i._sys_exit)
    i.ferror                                 0x00007652   Section        0  board_ngx_xplorer_18304330.o(i.ferror)
    i.fputc                                  0x0000765a   Section        0  board_ngx_xplorer_18304330.o(i.fputc)
    i.isValidLink                            0x0000766e   Section        0  ehci.o(i.isValidLink)
    isValidLink                              0x0000766f   Thumb Code    12  ehci.o(i.isValidLink)
    i.main                                   0x0000767c   Section        0  udisk.o(i.main)
    i.prv_card_acquired                      0x00007760   Section        0  sdmmc_18xx_43xx.o(i.prv_card_acquired)
    prv_card_acquired                        0x00007761   Thumb Code    16  sdmmc_18xx_43xx.o(i.prv_card_acquired)
    i.prv_get_bits                           0x00007774   Section        0  sdmmc_18xx_43xx.o(i.prv_get_bits)
    prv_get_bits                             0x00007775   Thumb Code    64  sdmmc_18xx_43xx.o(i.prv_get_bits)
    i.prv_process_csd                        0x000077b4   Section        0  sdmmc_18xx_43xx.o(i.prv_process_csd)
    prv_process_csd                          0x000077b5   Thumb Code   384  sdmmc_18xx_43xx.o(i.prv_process_csd)
    i.prv_set_card_params                    0x00007948   Section        0  sdmmc_18xx_43xx.o(i.prv_set_card_params)
    prv_set_card_params                      0x00007949   Thumb Code    90  sdmmc_18xx_43xx.o(i.prv_set_card_params)
    i.prv_set_trans_state                    0x000079b0   Section        0  sdmmc_18xx_43xx.o(i.prv_set_trans_state)
    prv_set_trans_state                      0x000079b1   Thumb Code   106  sdmmc_18xx_43xx.o(i.prv_set_trans_state)
    i.sdmmc_execute_command                  0x00007a24   Section        0  sdmmc_18xx_43xx.o(i.sdmmc_execute_command)
    sdmmc_execute_command                    0x00007a25   Thumb Code   436  sdmmc_18xx_43xx.o(i.sdmmc_execute_command)
    i.sdmmc_irq_driven_wait                  0x00007bdc   Section        0  sdmmc.o(i.sdmmc_irq_driven_wait)
    sdmmc_irq_driven_wait                    0x00007bdd   Thumb Code    26  sdmmc.o(i.sdmmc_irq_driven_wait)
    i.sdmmc_setup_wakeup                     0x00007bfc   Section        0  sdmmc.o(i.sdmmc_setup_wakeup)
    sdmmc_setup_wakeup                       0x00007bfd   Thumb Code    64  sdmmc.o(i.sdmmc_setup_wakeup)
    i.sdmmc_waitms                           0x00007c44   Section        0  sdmmc.o(i.sdmmc_waitms)
    sdmmc_waitms                             0x00007c45   Thumb Code    70  sdmmc.o(i.sdmmc_waitms)
    .constdata                               0x00007c94   Section       95  massstoragehost.o(.constdata)
    .constdata                               0x00007cf3   Section       36  scsi.o(.constdata)
    InquiryData                              0x00007cf3   Data          36  scsi.o(.constdata)
    .constdata                               0x00007d18   Section      184  sysinit_ngx_xplorer_18304330.o(.constdata)
    InitClkStates                            0x00007d18   Data          76  sysinit_ngx_xplorer_18304330.o(.constdata)
    spifipinmuxing                           0x00007d64   Data          24  sysinit_ngx_xplorer_18304330.o(.constdata)
    usbPLLSetup                              0x00007d7c   Data          16  sysinit_ngx_xplorer_18304330.o(.constdata)
    pinmuxing                                0x00007d8c   Data          68  sysinit_ngx_xplorer_18304330.o(.constdata)
    .constdata                               0x00007dd0   Section       24  clock_18xx_43xx.o(.constdata)
    periph_to_base                           0x00007dd0   Data          24  clock_18xx_43xx.o(.constdata)
    .constdata                               0x00007de8   Section      239  massstorageclasshost.o(.constdata)
    .constdata                               0x00007ed8   Section        8  configdescriptor.o(.constdata)
    .constdata                               0x00007ee0   Section       16  host.o(.constdata)
    .constdata                               0x00007ef0   Section       48  hoststandardreq.o(.constdata)
    .constdata                               0x00007f20   Section        8  hal_lpc18xx.o(.constdata)
    .constdata                               0x00007f28   Section       24  endpoint_lpc18xx.o(.constdata)
    .data                                    0x20000000   Section       58  massstorage.o(.data)
    .data                                    0x2000003c   Section       36  massstoragehost.o(.data)
    DiskCapacity                             0x20000058   Data           8  massstoragehost.o(.data)
    .data                                    0x20000060   Section        4  sdmmc.o(.data)
    sdio_wait_exit                           0x20000060   Data           4  sdmmc.o(.data)
    .data                                    0x20000064   Section       24  scsi.o(.data)
    SenseData                                0x20000064   Data          18  scsi.o(.data)
    .data                                    0x2000007c   Section       64  board_ngx_xplorer_18304330.o(.data)
    sts                                      0x20000098   Data           2  board_ngx_xplorer_18304330.o(.data)
    On                                       0x2000009a   Data           1  board_ngx_xplorer_18304330.o(.data)
    physts                                   0x2000009c   Data           4  board_ngx_xplorer_18304330.o(.data)
    olddphysts                               0x200000a0   Data           4  board_ngx_xplorer_18304330.o(.data)
    phyustate                                0x200000a4   Data           4  board_ngx_xplorer_18304330.o(.data)
    pDelayMs                                 0x200000a8   Data           4  board_ngx_xplorer_18304330.o(.data)
    .data                                    0x200000bc   Section        8  fs_mci.o(.data)
    Stat                                     0x200000bc   Data           1  fs_mci.o(.data)
    Timer2                                   0x200000be   Data           2  fs_mci.o(.data)
    hCard                                    0x200000c0   Data           4  fs_mci.o(.data)
    .data                                    0x200000c4   Section        4  sdmmc_18xx_43xx.o(.data)
    g_card_info                              0x200000c4   Data           4  sdmmc_18xx_43xx.o(.data)
    .data                                    0x200000c8   Section        3  devicestandardreq.o(.data)
    .data                                    0x200000cc   Section       52  endpoint.o(.data)
    .data                                    0x20000100   Section        5  host.o(.data)
    WaitMSRemaining                          0x20000100   Data           2  host.o(.data)
    PostWaitState                            0x20000102   Data           1  host.o(.data)
    .data                                    0x20000105   Section        1  hoststandardreq.o(.data)
    .data                                    0x20000106   Section        5  pipe.o(.data)
    .data                                    0x2000010b   Section        3  usbcontroller.o(.data)
    .data                                    0x20000110   Section       16  usbtask.o(.data)
    .data                                    0x20000120   Section       10  hal_lpc18xx.o(.data)
    coreEnabled                              0x20000128   Data           2  hal_lpc18xx.o(.data)
    .bss                                     0x2000012c   Section      872  sdmmc.o(.bss)
    .bss                                     0x20000494   Section     8192  scsi.o(.bss)
    .bss                                     0x200024c0   Section     3072  endpoint.o(.bss)
    .bss                                     0x200030c0   Section      256  pipe.o(.bss)
    .bss                                     0x200031c0   Section     4096  usbmemory.o(.bss)
    USB_Mem_Buffer                           0x200031c0   Data        4096  usbmemory.o(.bss)
    .bss                                     0x20005000   Section     8344  ehci.o(.bss)
    .bss                                     0x20007800   Section     4784  endpoint_lpc18xx.o(.bss)
    Stream_Variable                          0x20008a80   Data          48  endpoint_lpc18xx.o(.bss)
    .bss                                     0x20008ab0   Section       96  libspace.o(.bss)
    HEAP                                     0x20008b10   Section        0  keil_startup_lpc18xx43xx.o(HEAP)
    STACK                                    0x20008b10   Section      512  keil_startup_lpc18xx43xx.o(STACK)
    Heap_Mem                                 0x20008b10   Data           0  keil_startup_lpc18xx43xx.o(HEAP)
    Stack_Mem                                0x20008b10   Data         512  keil_startup_lpc18xx43xx.o(STACK)
    __initial_sp                             0x20008d10   Data           0  keil_startup_lpc18xx43xx.o(STACK)

    Global Symbols

    Symbol Name                              Value     Ov Type        Size  Object(Section)

    BuildAttributes$$THM_ISAv4$P$D$K$B$S$PE$A:L22UL41UL21$X:L11$S22US41US21$IEEE1$IW$USESV6$~STKCKD$USESV7$~SHL$OTIME$ROPI$EBA8$UX$STANDARDLIB$REQ8$PRES8$EABIv2 0x00000000   Number         0  anon$$obj.o ABSOLUTE
    __ARM_use_no_argv                        0x00000000   Number         0  udisk.o ABSOLUTE
    __Vectors                                0x00000000   Data           4  keil_startup_lpc18xx43xx.o(RESET)
    _printf_flags                            0x00000000   Number         0  printf_stubs.o ABSOLUTE
    _printf_return_value                     0x00000000   Number         0  printf_stubs.o ABSOLUTE
    _printf_sizespec                         0x00000000   Number         0  printf_stubs.o ABSOLUTE
    _printf_widthprec                        0x00000000   Number         0  printf_stubs.o ABSOLUTE
    __ARM_exceptions_init                     - Undefined Weak Reference
    __alloca_initialize                       - Undefined Weak Reference
    __cpp_initialize__aeabi_                  - Undefined Weak Reference
    __cxa_finalize                            - Undefined Weak Reference
    __rt_locale                               - Undefined Weak Reference
    __sigvec_lookup                           - Undefined Weak Reference
    __user_heap_extent                        - Undefined Weak Reference
    _atexit_init                              - Undefined Weak Reference
    _call_atexit_fns                          - Undefined Weak Reference
    _clock_init                               - Undefined Weak Reference
    _fp_trap_init                             - Undefined Weak Reference
    _fp_trap_shutdown                         - Undefined Weak Reference
    _get_lc_collate                           - Undefined Weak Reference
    _get_lc_ctype                             - Undefined Weak Reference
    _get_lc_monetary                          - Undefined Weak Reference
    _get_lc_numeric                           - Undefined Weak Reference
    _get_lc_time                              - Undefined Weak Reference
    _getenv_init                              - Undefined Weak Reference
    _handle_redirection                       - Undefined Weak Reference
    _initio                                   - Undefined Weak Reference
    _mutex_acquire                            - Undefined Weak Reference
    _mutex_free                               - Undefined Weak Reference
    _mutex_release                            - Undefined Weak Reference
    _printf_mbtowc                            - Undefined Weak Reference
    _printf_truncate_signed                   - Undefined Weak Reference
    _printf_truncate_unsigned                 - Undefined Weak Reference
    _rand_init                                - Undefined Weak Reference
    _signal_finish                            - Undefined Weak Reference
    _signal_init                              - Undefined Weak Reference
    _terminateio                              - Undefined Weak Reference
    __main                                   0x00000115   Thumb Code     8  __main.o(!!!main)
    __scatterload                            0x0000011d   Thumb Code     0  __scatter.o(!!!scatter)
    __scatterload_rt2                        0x0000011d   Thumb Code    44  __scatter.o(!!!scatter)
    __scatterload_rt2_thumb_only             0x0000011d   Thumb Code     0  __scatter.o(!!!scatter)
    __scatterload_null                       0x0000012b   Thumb Code     0  __scatter.o(!!!scatter)
    __decompress                             0x00000151   Thumb Code    90  __dczerorl2.o(!!dczerorl2)
    __decompress1                            0x00000151   Thumb Code     0  __dczerorl2.o(!!dczerorl2)
    __scatterload_zeroinit                   0x000001ad   Thumb Code    28  __scatter_zi.o(!!handler_zi)
    _printf_d                                0x000001c9   Thumb Code     0  _printf_d.o(.ARM.Collect$$_printf_percent$$00000009)
    _printf_percent                          0x000001c9   Thumb Code     0  _printf_percent.o(.ARM.Collect$$_printf_percent$$00000000)
    _printf_percent_end                      0x000001cf   Thumb Code     0  _printf_percent_end.o(.ARM.Collect$$_printf_percent$$00000017)
    __rt_lib_init                            0x000001d3   Thumb Code     0  libinit.o(.ARM.Collect$$libinit$$00000000)
    __rt_lib_init_alloca_1                   0x000001d5   Thumb Code     0  libinit2.o(.ARM.Collect$$libinit$$0000002C)
    __rt_lib_init_argv_1                     0x000001d5   Thumb Code     0  libinit2.o(.ARM.Collect$$libinit$$0000002A)
    __rt_lib_init_atexit_1                   0x000001d5   Thumb Code     0  libinit2.o(.ARM.Collect$$libinit$$00000019)
    __rt_lib_init_clock_1                    0x000001d5   Thumb Code     0  libinit2.o(.ARM.Collect$$libinit$$0000001F)
    __rt_lib_init_cpp_1                      0x000001d5   Thumb Code     0  libinit2.o(.ARM.Collect$$libinit$$00000030)
    __rt_lib_init_exceptions_1               0x000001d5   Thumb Code     0  libinit2.o(.ARM.Collect$$libinit$$0000002E)
    __rt_lib_init_fp_1                       0x000001d5   Thumb Code     0  libinit2.o(.ARM.Collect$$libinit$$00000002)
    __rt_lib_init_fp_trap_1                  0x000001d5   Thumb Code     0  libinit2.o(.ARM.Collect$$libinit$$0000001D)
    __rt_lib_init_getenv_1                   0x000001d5   Thumb Code     0  libinit2.o(.ARM.Collect$$libinit$$00000021)
    __rt_lib_init_heap_1                     0x000001d5   Thumb Code     0  libinit2.o(.ARM.Collect$$libinit$$00000008)
    __rt_lib_init_lc_collate_1               0x000001d5   Thumb Code     0  libinit2.o(.ARM.Collect$$libinit$$0000000F)
    __rt_lib_init_lc_ctype_1                 0x000001d5   Thumb Code     0  libinit2.o(.ARM.Collect$$libinit$$00000011)
    __rt_lib_init_lc_monetary_1              0x000001d5   Thumb Code     0  libinit2.o(.ARM.Collect$$libinit$$00000013)
    __rt_lib_init_lc_numeric_1               0x000001d5   Thumb Code     0  libinit2.o(.ARM.Collect$$libinit$$00000015)
    __rt_lib_init_lc_time_1                  0x000001d5   Thumb Code     0  libinit2.o(.ARM.Collect$$libinit$$00000017)
    __rt_lib_init_rand_1                     0x000001d5   Thumb Code     0  libinit2.o(.ARM.Collect$$libinit$$0000000C)
    __rt_lib_init_return                     0x000001d5   Thumb Code     0  libinit2.o(.ARM.Collect$$libinit$$00000031)
    __rt_lib_init_signal_1                   0x000001d5   Thumb Code     0  libinit2.o(.ARM.Collect$$libinit$$0000001B)
    __rt_lib_init_stdio_1                    0x000001d5   Thumb Code     0  libinit2.o(.ARM.Collect$$libinit$$00000023)
    __rt_lib_init_user_alloc_1               0x000001d5   Thumb Code     0  libinit2.o(.ARM.Collect$$libinit$$0000000A)
    __rt_lib_shutdown                        0x000001d7   Thumb Code     0  libshutdown.o(.ARM.Collect$$libshutdown$$00000000)
    __rt_lib_shutdown_fp_trap_1              0x000001d9   Thumb Code     0  libshutdown2.o(.ARM.Collect$$libshutdown$$00000006)
    __rt_lib_shutdown_heap_1                 0x000001d9   Thumb Code     0  libshutdown2.o(.ARM.Collect$$libshutdown$$0000000E)
    __rt_lib_shutdown_return                 0x000001d9   Thumb Code     0  libshutdown2.o(.ARM.Collect$$libshutdown$$0000000F)
    __rt_lib_shutdown_signal_1               0x000001d9   Thumb Code     0  libshutdown2.o(.ARM.Collect$$libshutdown$$00000009)
    __rt_lib_shutdown_stdio_1                0x000001d9   Thumb Code     0  libshutdown2.o(.ARM.Collect$$libshutdown$$00000003)
    __rt_lib_shutdown_user_alloc_1           0x000001d9   Thumb Code     0  libshutdown2.o(.ARM.Collect$$libshutdown$$0000000B)
    __rt_entry                               0x000001db   Thumb Code     0  rtentry.o(.ARM.Collect$$rtentry$$00000000)
    __rt_entry_presh_1                       0x000001db   Thumb Code     0  rtentry2.o(.ARM.Collect$$rtentry$$00000002)
    __rt_entry_sh                            0x000001db   Thumb Code     0  rtentry4.o(.ARM.Collect$$rtentry$$00000004)
    __rt_entry_li                            0x000001e1   Thumb Code     0  rtentry2.o(.ARM.Collect$$rtentry$$0000000A)
    __rt_entry_postsh_1                      0x000001e1   Thumb Code     0  rtentry2.o(.ARM.Collect$$rtentry$$00000009)
    __rt_entry_main                          0x000001e5   Thumb Code     0  rtentry2.o(.ARM.Collect$$rtentry$$0000000D)
    __rt_entry_postli_1                      0x000001e5   Thumb Code     0  rtentry2.o(.ARM.Collect$$rtentry$$0000000C)
    __rt_exit                                0x000001ed   Thumb Code     0  rtexit.o(.ARM.Collect$$rtexit$$00000000)
    __rt_exit_ls                             0x000001ef   Thumb Code     0  rtexit2.o(.ARM.Collect$$rtexit$$00000003)
    __rt_exit_prels_1                        0x000001ef   Thumb Code     0  rtexit2.o(.ARM.Collect$$rtexit$$00000002)
    __rt_exit_exit                           0x000001f3   Thumb Code     0  rtexit2.o(.ARM.Collect$$rtexit$$00000004)
    Reset_Handler                            0x000001f9   Thumb Code     8  keil_startup_lpc18xx43xx.o(.text)
    NMI_Handler                              0x00000201   Thumb Code     2  keil_startup_lpc18xx43xx.o(.text)
    HardFault_Handler                        0x00000203   Thumb Code     2  keil_startup_lpc18xx43xx.o(.text)
    MemManage_Handler                        0x00000205   Thumb Code     2  keil_startup_lpc18xx43xx.o(.text)
    BusFault_Handler                         0x00000207   Thumb Code     2  keil_startup_lpc18xx43xx.o(.text)
    UsageFault_Handler                       0x00000209   Thumb Code     2  keil_startup_lpc18xx43xx.o(.text)
    SVC_Handler                              0x0000020b   Thumb Code     2  keil_startup_lpc18xx43xx.o(.text)
    DebugMon_Handler                         0x0000020d   Thumb Code     2  keil_startup_lpc18xx43xx.o(.text)
    PendSV_Handler                           0x0000020f   Thumb Code     2  keil_startup_lpc18xx43xx.o(.text)
    SysTick_Handler                          0x00000211   Thumb Code     2  keil_startup_lpc18xx43xx.o(.text)
    UnHandled_Vector                         0x00000213   Thumb Code     2  keil_startup_lpc18xx43xx.o(.text)
    ADC0_IRQHandler                          0x00000215   Thumb Code     0  keil_startup_lpc18xx43xx.o(.text)
    ADC1_IRQHandler                          0x00000215   Thumb Code     0  keil_startup_lpc18xx43xx.o(.text)
    ATIMER_IRQHandler                        0x00000215   Thumb Code     0  keil_startup_lpc18xx43xx.o(.text)
    CAN0_IRQHandler                          0x00000215   Thumb Code     0  keil_startup_lpc18xx43xx.o(.text)
    CAN1_IRQHandler                          0x00000215   Thumb Code     0  keil_startup_lpc18xx43xx.o(.text)
    DAC_IRQHandler                           0x00000215   Thumb Code     0  keil_startup_lpc18xx43xx.o(.text)
    DMA_IRQHandler                           0x00000215   Thumb Code     0  keil_startup_lpc18xx43xx.o(.text)
    ETH_IRQHandler                           0x00000215   Thumb Code     0  keil_startup_lpc18xx43xx.o(.text)
    EVRT_IRQHandler                          0x00000215   Thumb Code     0  keil_startup_lpc18xx43xx.o(.text)
    FLASHEEPROM_IRQHandler                   0x00000215   Thumb Code     0  keil_startup_lpc18xx43xx.o(.text)
    GINT0_IRQHandler                         0x00000215   Thumb Code     0  keil_startup_lpc18xx43xx.o(.text)
    GINT1_IRQHandler                         0x00000215   Thumb Code     0  keil_startup_lpc18xx43xx.o(.text)
    GPIO1_IRQHandler                         0x00000215   Thumb Code     0  keil_startup_lpc18xx43xx.o(.text)
    GPIO2_IRQHandler                         0x00000215   Thumb Code     0  keil_startup_lpc18xx43xx.o(.text)
    GPIO3_IRQHandler                         0x00000215   Thumb Code     0  keil_startup_lpc18xx43xx.o(.text)
    GPIO4_IRQHandler                         0x00000215   Thumb Code     0  keil_startup_lpc18xx43xx.o(.text)
    GPIO5_IRQHandler                         0x00000215   Thumb Code     0  keil_startup_lpc18xx43xx.o(.text)
    GPIO6_IRQHandler                         0x00000215   Thumb Code     0  keil_startup_lpc18xx43xx.o(.text)
    GPIO7_IRQHandler                         0x00000215   Thumb Code     0  keil_startup_lpc18xx43xx.o(.text)
    I2C0_IRQHandler                          0x00000215   Thumb Code     0  keil_startup_lpc18xx43xx.o(.text)
    I2C1_IRQHandler                          0x00000215   Thumb Code     0  keil_startup_lpc18xx43xx.o(.text)
    I2S0_IRQHandler                          0x00000215   Thumb Code     0  keil_startup_lpc18xx43xx.o(.text)
    I2S1_IRQHandler                          0x00000215   Thumb Code     0  keil_startup_lpc18xx43xx.o(.text)
    LCD_IRQHandler                           0x00000215   Thumb Code     0  keil_startup_lpc18xx43xx.o(.text)
    MCPWM_IRQHandler                         0x00000215   Thumb Code     0  keil_startup_lpc18xx43xx.o(.text)
    MX_CORE_IRQHandler                       0x00000215   Thumb Code     0  keil_startup_lpc18xx43xx.o(.text)
    QEI_IRQHandler                           0x00000215   Thumb Code     0  keil_startup_lpc18xx43xx.o(.text)
    RIT_IRQHandler                           0x00000215   Thumb Code     0  keil_startup_lpc18xx43xx.o(.text)
    RTC_IRQHandler                           0x00000215   Thumb Code     0  keil_startup_lpc18xx43xx.o(.text)
    SCT_IRQHandler                           0x00000215   Thumb Code     0  keil_startup_lpc18xx43xx.o(.text)
    SGPIO_IRQHandler                         0x00000215   Thumb Code     0  keil_startup_lpc18xx43xx.o(.text)
    SPIFI_IRQHandler                         0x00000215   Thumb Code     0  keil_startup_lpc18xx43xx.o(.text)
    SPI_IRQHandler                           0x00000215   Thumb Code     0  keil_startup_lpc18xx43xx.o(.text)
    SSP0_IRQHandler                          0x00000215   Thumb Code     0  keil_startup_lpc18xx43xx.o(.text)
    SSP1_IRQHandler                          0x00000215   Thumb Code     0  keil_startup_lpc18xx43xx.o(.text)
    TIMER0_IRQHandler                        0x00000215   Thumb Code     0  keil_startup_lpc18xx43xx.o(.text)
    TIMER1_IRQHandler                        0x00000215   Thumb Code     0  keil_startup_lpc18xx43xx.o(.text)
    TIMER2_IRQHandler                        0x00000215   Thumb Code     0  keil_startup_lpc18xx43xx.o(.text)
    TIMER3_IRQHandler                        0x00000215   Thumb Code     0  keil_startup_lpc18xx43xx.o(.text)
    UART0_IRQHandler                         0x00000215   Thumb Code     0  keil_startup_lpc18xx43xx.o(.text)
    UART1_IRQHandler                         0x00000215   Thumb Code     0  keil_startup_lpc18xx43xx.o(.text)
    UART2_IRQHandler                         0x00000215   Thumb Code     0  keil_startup_lpc18xx43xx.o(.text)
    UART3_IRQHandler                         0x00000215   Thumb Code     0  keil_startup_lpc18xx43xx.o(.text)
    VADC_IRQHandler                          0x00000215   Thumb Code     0  keil_startup_lpc18xx43xx.o(.text)
    WDT_IRQHandler                           0x00000215   Thumb Code     0  keil_startup_lpc18xx43xx.o(.text)
    __user_initial_stackheap                 0x00000219   Thumb Code     0  keil_startup_lpc18xx43xx.o(.text)
    __aeabi_uldivmod                         0x00000239   Thumb Code     0  lludivv7m.o(.text)
    _ll_udiv                                 0x00000239   Thumb Code   238  lludivv7m.o(.text)
    __2printf                                0x00000329   Thumb Code    20  noretval__2printf.o(.text)
    _printf_int_dec                          0x00000341   Thumb Code   102  _printf_dec.o(.text)
    __printf                                 0x000003b9   Thumb Code   352  __printf_ss_wp.o(.text)
    __aeabi_memcpy4                          0x00000519   Thumb Code     0  rt_memcpy_w.o(.text)
    __aeabi_memcpy8                          0x00000519   Thumb Code     0  rt_memcpy_w.o(.text)
    __rt_memcpy_w                            0x00000519   Thumb Code   100  rt_memcpy_w.o(.text)
    _memcpy_lastbytes_aligned                0x00000561   Thumb Code     0  rt_memcpy_w.o(.text)
    __aeabi_memclr4                          0x0000057d   Thumb Code     0  rt_memclr_w.o(.text)
    __aeabi_memclr8                          0x0000057d   Thumb Code     0  rt_memclr_w.o(.text)
    __rt_memclr_w                            0x0000057d   Thumb Code    78  rt_memclr_w.o(.text)
    _memset_w                                0x00000581   Thumb Code     0  rt_memclr_w.o(.text)
    __use_two_region_memory                  0x000005cb   Thumb Code     2  heapauxi.o(.text)
    __rt_heap_escrow                         0x000005cd   Thumb Code     2  heapauxi.o(.text)
    __rt_heap_expand                         0x000005cf   Thumb Code     2  heapauxi.o(.text)
    _printf_int_common                       0x000005d1   Thumb Code   184  _printf_intcommon.o(.text)
    _printf_char_common                      0x00000693   Thumb Code    32  _printf_char_common.o(.text)
    _printf_char_file                        0x000006b9   Thumb Code    32  _printf_char_file.o(.text)
    __user_libspace                          0x000006dd   Thumb Code     8  libspace.o(.text)
    __user_perproc_libspace                  0x000006dd   Thumb Code     0  libspace.o(.text)
    __user_perthread_libspace                0x000006dd   Thumb Code     0  libspace.o(.text)
    __user_setup_stackheap                   0x000006e5   Thumb Code    74  sys_stackheap_outer.o(.text)
    exit                                     0x0000072f   Thumb Code    12  exit.o(.text)
    Board_Debug_Init                         0x00000ff9   Thumb Code    60  board_ngx_xplorer_18304330.o(i.Board_Debug_Init)
    Board_Init                               0x00001039   Thumb Code    84  board_ngx_xplorer_18304330.o(i.Board_Init)
    Board_LED_Set                            0x000010c9   Thumb Code    44  board_ngx_xplorer_18304330.o(i.Board_LED_Set)
    Board_SDMMC_Init                         0x000010f9   Thumb Code    76  board_ngx_xplorer_18304330.o(i.Board_SDMMC_Init)
    Board_UARTPutChar                        0x00001145   Thumb Code    22  board_ngx_xplorer_18304330.o(i.Board_UARTPutChar)
    Board_UART_Init                          0x00001161   Thumb Code    68  board_ngx_xplorer_18304330.o(i.Board_UART_Init)
    CALLBACK_MS_Device_SCSICommandReceived   0x000011ad   Thumb Code    16  massstorage.o(i.CALLBACK_MS_Device_SCSICommandReceived)
    Chip_Clock_DisableMainPLL                0x000011e1   Thumb Code    14  clock_18xx_43xx.o(i.Chip_Clock_DisableMainPLL)
    Chip_Clock_EnableBaseClock               0x000011f5   Thumb Code    22  clock_18xx_43xx.o(i.Chip_Clock_EnableBaseClock)
    Chip_Clock_EnableCrystal                 0x00001211   Thumb Code    28  clock_18xx_43xx.o(i.Chip_Clock_EnableCrystal)
    Chip_Clock_EnableOpts                    0x00001231   Thumb Code    52  clock_18xx_43xx.o(i.Chip_Clock_EnableOpts)
    Chip_Clock_EnablePLL                     0x0000126d   Thumb Code    22  clock_18xx_43xx.o(i.Chip_Clock_EnablePLL)
    Chip_Clock_GetBaseClock                  0x000012d9   Thumb Code    32  clock_18xx_43xx.o(i.Chip_Clock_GetBaseClock)
    Chip_Clock_GetBaseClocktHz               0x000012fd   Thumb Code    18  clock_18xx_43xx.o(i.Chip_Clock_GetBaseClocktHz)
    Chip_Clock_GetClockInputHz               0x00001311   Thumb Code   144  clock_18xx_43xx.o(i.Chip_Clock_GetClockInputHz)
    Chip_Clock_GetDividerDivisor             0x000013d5   Thumb Code    14  clock_18xx_43xx.o(i.Chip_Clock_GetDividerDivisor)
    Chip_Clock_GetDividerSource              0x000013e9   Thumb Code    26  clock_18xx_43xx.o(i.Chip_Clock_GetDividerSource)
    Chip_Clock_GetMainPLLHz                  0x00001409   Thumb Code   110  clock_18xx_43xx.o(i.Chip_Clock_GetMainPLLHz)
    Chip_Clock_GetPLLStatus                  0x00001481   Thumb Code    12  clock_18xx_43xx.o(i.Chip_Clock_GetPLLStatus)
    Chip_Clock_GetRate                       0x00001491   Thumb Code    78  clock_18xx_43xx.o(i.Chip_Clock_GetRate)
    Chip_Clock_SetBaseClock                  0x000014e9   Thumb Code    64  clock_18xx_43xx.o(i.Chip_Clock_SetBaseClock)
    Chip_Clock_SetDivider                    0x00001531   Thumb Code    56  clock_18xx_43xx.o(i.Chip_Clock_SetDivider)
    Chip_Clock_SetupMainPLLHz                0x00001571   Thumb Code   188  clock_18xx_43xx.o(i.Chip_Clock_SetupMainPLLHz)
    Chip_Clock_SetupMainPLLMult              0x0000162d   Thumb Code   144  clock_18xx_43xx.o(i.Chip_Clock_SetupMainPLLMult)
    Chip_Clock_SetupPLL                      0x000016cd   Thumb Code    50  clock_18xx_43xx.o(i.Chip_Clock_SetupPLL)
    Chip_SCU_PinMux                          0x00001791   Thumb Code    30  scu_18xx_43xx.o(i.Chip_SCU_PinMux)
    Chip_SDMMC_Acquire                       0x000017b9   Thumb Code   696  sdmmc_18xx_43xx.o(i.Chip_SDMMC_Acquire)
    Chip_SDMMC_GetDeviceBlocks               0x00001a95   Thumb Code    12  sdmmc_18xx_43xx.o(i.Chip_SDMMC_GetDeviceBlocks)
    Chip_SDMMC_GetIntStatus                  0x00001aa5   Thumb Code    32  sdmmc_18xx_43xx.o(i.Chip_SDMMC_GetIntStatus)
    Chip_SDMMC_GetState                      0x00001ac5   Thumb Code    50  sdmmc_18xx_43xx.o(i.Chip_SDMMC_GetState)
    Chip_SDMMC_Init                          0x00001b01   Thumb Code    24  sdmmc_18xx_43xx.o(i.Chip_SDMMC_Init)
    Chip_SDMMC_ReadBlocks                    0x00001b19   Thumb Code   154  sdmmc_18xx_43xx.o(i.Chip_SDMMC_ReadBlocks)
    Chip_SDMMC_WriteBlocks                   0x00001bc1   Thumb Code   148  sdmmc_18xx_43xx.o(i.Chip_SDMMC_WriteBlocks)
    Chip_UART_Init                           0x00001cbd   Thumb Code    40  uart_18xx_43xx.o(i.Chip_UART_Init)
    Chip_UART_SetBaud                        0x00001ce5   Thumb Code    36  uart_18xx_43xx.o(i.Chip_UART_SetBaud)
    Chip_UART_TxCmd                          0x00001d09   Thumb Code    26  uart_18xx_43xx.o(i.Chip_UART_TxCmd)
    DcdDataTransfer                          0x00001d85   Thumb Code   342  endpoint_lpc18xx.o(i.DcdDataTransfer)
    DcdInsertTD                              0x00001ee9   Thumb Code    20  endpoint_lpc18xx.o(i.DcdInsertTD)
    DcdIrqHandler                            0x00001efd   Thumb Code   332  endpoint_lpc18xx.o(i.DcdIrqHandler)
    DcdPrepareTD                             0x00002069   Thumb Code    66  endpoint_lpc18xx.o(i.DcdPrepareTD)
    CALLBACK_HAL_GetISOBufferAddress         0x0000211d   Thumb Code     0  endpoint_lpc18xx.o(i.Dummy_EPGetISOAddress)
    Dummy_EPGetISOAddress                    0x0000211d   Thumb Code     6  endpoint_lpc18xx.o(i.Dummy_EPGetISOAddress)
    Dummy_EVENT_USB_Device_TransferComplete  0x00002129   Thumb Code     2  endpoint_lpc18xx.o(i.Dummy_EVENT_USB_Device_TransferComplete)
    EVENT_USB_Device_TransferComplete        0x00002129   Thumb Code     0  endpoint_lpc18xx.o(i.Dummy_EVENT_USB_Device_TransferComplete)
    EVENT_USB_Host_DeviceAttached            0x00002371   Thumb Code    14  massstoragehost.o(i.EVENT_USB_Host_DeviceAttached)
    EVENT_USB_Host_DeviceEnumerationComplete 0x000023a1   Thumb Code   240  massstoragehost.o(i.EVENT_USB_Host_DeviceEnumerationComplete)
    EVENT_USB_Host_DeviceEnumerationFailed   0x00002619   Thumb Code    28  massstoragehost.o(i.EVENT_USB_Host_DeviceEnumerationFailed)
    EVENT_USB_Host_DeviceUnattached          0x0000263d   Thumb Code    28  massstoragehost.o(i.EVENT_USB_Host_DeviceUnattached)
    Endpoint_ClearStatusStage                0x000026f1   Thumb Code   224  endpoint.o(i.Endpoint_ClearStatusStage)
    Endpoint_ConfigureEndpoint               0x000027fd   Thumb Code   306  endpoint_lpc18xx.o(i.Endpoint_ConfigureEndpoint)
    Endpoint_GetSetupPackage                 0x00002941   Thumb Code    28  endpoint_lpc18xx.o(i.Endpoint_GetSetupPackage)
    Endpoint_Null_Stream                     0x00002961   Thumb Code   206  endpointstream.o(i.Endpoint_Null_Stream)
    Endpoint_Read_Stream_LE                  0x00002a51   Thumb Code   168  endpointstream.o(i.Endpoint_Read_Stream_LE)
    Endpoint_Streaming                       0x00002b15   Thumb Code   332  endpoint_lpc18xx.o(i.Endpoint_Streaming)
    Endpoint_Write_Control_Stream_LE         0x00002c7d   Thumb Code   138  endpointstream.o(i.Endpoint_Write_Control_Stream_LE)
    Endpoint_Write_Stream_BE                 0x00002d29   Thumb Code   110  endpointstream.o(i.Endpoint_Write_Stream_BE)
    Endpoint_Write_Stream_LE                 0x00002dad   Thumb Code   226  endpointstream.o(i.Endpoint_Write_Stream_LE)
    GPIO0_IRQHandler                         0x00002f19   Thumb Code    78  board_ngx_xplorer_18304330.o(i.GPIO0_IRQHandler)
    Green2Flashes                            0x00002f71   Thumb Code   166  sdmmc.o(i.Green2Flashes)
    HAL_EnableUSBInterrupt                   0x00003017   Thumb Code    38  hal_lpc18xx.o(i.HAL_EnableUSBInterrupt)
    HAL_Reset                                0x0000303d   Thumb Code   310  endpoint_lpc18xx.o(i.HAL_Reset)
    HAL_USBConnect                           0x000031a5   Thumb Code    54  hal_lpc18xx.o(i.HAL_USBConnect)
    HAL_USBInit                              0x000031e1   Thumb Code   208  hal_lpc18xx.o(i.HAL_USBInit)
    HcdCancelTransfer                        0x000032e5   Thumb Code   322  ehci.o(i.HcdCancelTransfer)
    HcdClearEndpointHalt                     0x00003431   Thumb Code     6  ehci.o(i.HcdClearEndpointHalt)
    HcdClosePipe                             0x00003439   Thumb Code   144  ehci.o(i.HcdClosePipe)
    HcdControlTransfer                       0x000034cd   Thumb Code   358  ehci.o(i.HcdControlTransfer)
    HcdDataTransfer                          0x00003633   Thumb Code   442  ehci.o(i.HcdDataTransfer)
    HcdDeInitDriver                          0x000037ed   Thumb Code    56  ehci.o(i.HcdDeInitDriver)
    HcdDelayMS                               0x00003829   Thumb Code    32  hcd.o(i.HcdDelayMS)
    HcdDelayUS                               0x00003849   Thumb Code    24  hcd.o(i.HcdDelayUS)
    HcdGetDeviceSpeed                        0x00003861   Thumb Code    42  ehci.o(i.HcdGetDeviceSpeed)
    HcdGetFrameNumber                        0x00003891   Thumb Code    14  ehci.o(i.HcdGetFrameNumber)
    HcdGetPipeStatus                         0x000038a5   Thumb Code    46  ehci.o(i.HcdGetPipeStatus)
    HcdInitDriver                            0x000038f1   Thumb Code    18  ehci.o(i.HcdInitDriver)
    HcdIrqHandler                            0x0000391d   Thumb Code   258  ehci.o(i.HcdIrqHandler)
    HcdOpenPipe                              0x00003a25   Thumb Code   322  ehci.o(i.HcdOpenPipe)
    HcdRhPortReset                           0x00003ba5   Thumb Code    86  ehci.o(i.HcdRhPortReset)
    HcdSetStreamPacketSize                   0x00003c1d   Thumb Code    40  ehci.o(i.HcdSetStreamPacketSize)
    IP_SDMMC_DmaSetup                        0x00003c49   Thumb Code   112  sdmmc_001.o(i.IP_SDMMC_DmaSetup)
    IP_SDMMC_GetRawIntStatus                 0x00003cbd   Thumb Code     6  sdmmc_001.o(i.IP_SDMMC_GetRawIntStatus)
    IP_SDMMC_GetResponse                     0x00003cc3   Thumb Code    18  sdmmc_001.o(i.IP_SDMMC_GetResponse)
    IP_SDMMC_Init                            0x00003cd5   Thumb Code    54  sdmmc_001.o(i.IP_SDMMC_Init)
    IP_SDMMC_SendCmd                         0x00003d15   Thumb Code    80  sdmmc_001.o(i.IP_SDMMC_SendCmd)
    IP_SDMMC_SetBlkSize                      0x00003d65   Thumb Code     4  sdmmc_001.o(i.IP_SDMMC_SetBlkSize)
    IP_SDMMC_SetBlockSize                    0x00003d69   Thumb Code     6  sdmmc_001.o(i.IP_SDMMC_SetBlockSize)
    IP_SDMMC_SetCardType                     0x00003d6f   Thumb Code     4  sdmmc_001.o(i.IP_SDMMC_SetCardType)
    IP_SDMMC_SetClearIntFifo                 0x00003d73   Thumb Code    26  sdmmc_001.o(i.IP_SDMMC_SetClearIntFifo)
    IP_SDMMC_SetClock                        0x00003d8d   Thumb Code    74  sdmmc_001.o(i.IP_SDMMC_SetClock)
    IP_SDMMC_SetIntMask                      0x00003ddd   Thumb Code     4  sdmmc_001.o(i.IP_SDMMC_SetIntMask)
    IP_SDMMC_SetRawIntStatus                 0x00003de1   Thumb Code     4  sdmmc_001.o(i.IP_SDMMC_SetRawIntStatus)
    IP_UART_ConfigData                       0x00003de5   Thumb Code    22  usart_001.o(i.IP_UART_ConfigData)
    IP_UART_Init                             0x00003dfb   Thumb Code    96  usart_001.o(i.IP_UART_Init)
    IP_UART_SendByte                         0x00003e5b   Thumb Code    22  usart_001.o(i.IP_UART_SendByte)
    IP_UART_SetBaud                          0x00003e71   Thumb Code   354  usart_001.o(i.IP_UART_SetBaud)
    IP_UART_TxCmd                            0x00003fd3   Thumb Code    60  usart_001.o(i.IP_UART_TxCmd)
    MMC_disk_reset                           0x00004031   Thumb Code    10  fs_mci.o(i.MMC_disk_reset)
    MS_Device_USBTask                        0x000042c9   Thumb Code   834  massstorageclassdevice.o(i.MS_Device_USBTask)
    MS_Host_ConfigurePipes                   0x00004631   Thumb Code   242  massstorageclasshost.o(i.MS_Host_ConfigurePipes)
    MS_Host_GetInquiryData                   0x0000472d   Thumb Code    82  massstorageclasshost.o(i.MS_Host_GetInquiryData)
    MS_Host_GetMaxLUN                        0x00004789   Thumb Code    68  massstorageclasshost.o(i.MS_Host_GetMaxLUN)
    MS_Host_RequestSense                     0x00004851   Thumb Code    76  massstorageclasshost.o(i.MS_Host_RequestSense)
    MS_Host_ResetMSInterface                 0x000048a5   Thumb Code   144  massstorageclasshost.o(i.MS_Host_ResetMSInterface)
    MassStorageDeviceSetupHardware           0x00004c21   Thumb Code    22  massstorage.o(i.MassStorageDeviceSetupHardware)
    MassStorageHostSetupHardware             0x00004c3d   Thumb Code    18  massstoragehost.o(i.MassStorageHostSetupHardware)
    OpenPipe_VerifyParameters                0x00004c55   Thumb Code   226  hcd.o(i.OpenPipe_VerifyParameters)
    Pipe_ClosePipe                           0x00004e7d   Thumb Code    84  pipe.o(i.Pipe_ClosePipe)
    Pipe_ConfigurePipe                       0x00004ed5   Thumb Code   210  pipe.o(i.Pipe_ConfigurePipe)
    Pipe_IsEndpointBound                     0x00004fb5   Thumb Code     6  pipe.o(i.Pipe_IsEndpointBound)
    Pipe_IsINReceived                        0x00004fbd   Thumb Code   136  pipe.o(i.Pipe_IsINReceived)
    Pipe_Read_Stream_LE                      0x0000504d   Thumb Code   538  pipestream.o(i.Pipe_Read_Stream_LE)
    Pipe_Streaming                           0x00005271   Thumb Code    84  pipestream.o(i.Pipe_Streaming)
    Pipe_WaitUntilReady                      0x000052cd   Thumb Code   236  pipe.o(i.Pipe_WaitUntilReady)
    Pipe_Write_Stream_LE                     0x000053c5   Thumb Code   188  pipestream.o(i.Pipe_Write_Stream_LE)
    SCSI_DecodeSCSICommand                   0x00005fe9   Thumb Code   206  scsi.o(i.SCSI_DecodeSCSICommand)
    SDIO_IRQHandler                          0x000060bd   Thumb Code    24  sdmmc.o(i.SDIO_IRQHandler)
    SDMMCAcquire                             0x000060dd   Thumb Code    74  sdmmc.o(i.SDMMCAcquire)
    SDMMCSetupHardware                       0x00006149   Thumb Code    50  sdmmc.o(i.SDMMCSetupHardware)
    SystemCoreClockUpdate                    0x0000618d   Thumb Code    14  board_ngx_xplorer_18304330.o(i.SystemCoreClockUpdate)
    SystemInit                               0x000061a1   Thumb Code    22  sysinit_ngx_xplorer_18304330.o(i.SystemInit)
    TransferCompleteISR                      0x00006305   Thumb Code   484  endpoint_lpc18xx.o(i.TransferCompleteISR)
    USB0_IRQHandler                          0x000064fd   Thumb Code    32  hal_lpc18xx.o(i.USB0_IRQHandler)
    USB1_IRQHandler                          0x00006521   Thumb Code    30  hal_lpc18xx.o(i.USB1_IRQHandler)
    USB_Device_ProcessControlRequest         0x00006ac5   Thumb Code   290  devicestandardreq.o(i.USB_Device_ProcessControlRequest)
    EVENT_USB_Device_ConfigurationChanged    0x00006d69   Thumb Code     0  events.o(i.USB_Event_Stub)
    EVENT_USB_Device_Connect                 0x00006d69   Thumb Code     0  events.o(i.USB_Event_Stub)
    EVENT_USB_Device_ControlRequest          0x00006d69   Thumb Code     0  events.o(i.USB_Event_Stub)
    EVENT_USB_Device_Disconnect              0x00006d69   Thumb Code     0  events.o(i.USB_Event_Stub)
    EVENT_USB_Device_Reset                   0x00006d69   Thumb Code     0  events.o(i.USB_Event_Stub)
    EVENT_USB_Device_StartOfFrame            0x00006d69   Thumb Code     0  events.o(i.USB_Event_Stub)
    EVENT_USB_Device_Suspend                 0x00006d69   Thumb Code     0  events.o(i.USB_Event_Stub)
    EVENT_USB_Device_WakeUp                  0x00006d69   Thumb Code     0  events.o(i.USB_Event_Stub)
    EVENT_USB_Host_StartOfFrame              0x00006d69   Thumb Code     0  events.o(i.USB_Event_Stub)
    EVENT_USB_UIDChange                      0x00006d69   Thumb Code     0  events.o(i.USB_Event_Stub)
    USB_Event_Stub                           0x00006d69   Thumb Code     2  events.o(i.USB_Event_Stub)
    USB_GetCurrentMode                       0x00006d6d   Thumb Code     8  usbcontroller.o(i.USB_GetCurrentMode)
    USB_GetNextDescriptorComp                0x00006d93   Thumb Code    68  configdescriptor.o(i.USB_GetNextDescriptorComp)
    USB_Host_ClearEndpointStall              0x00006e01   Thumb Code    46  hoststandardreq.o(i.USB_Host_ClearEndpointStall)
    USB_Host_DeEnumerate                     0x00006e3d   Thumb Code    60  host.o(i.USB_Host_DeEnumerate)
    USB_Host_Enumerate                       0x00006e81   Thumb Code    18  host.o(i.USB_Host_Enumerate)
    USB_Host_GetActiveHost                   0x00006e99   Thumb Code     6  host.o(i.USB_Host_GetActiveHost)
    USB_Host_GetDeviceConfigDescriptor       0x00006ea5   Thumb Code   136  configdescriptor.o(i.USB_Host_GetDeviceConfigDescriptor)
    USB_Host_GetFrameNumber                  0x00006f39   Thumb Code    16  host.o(i.USB_Host_GetFrameNumber)
    USB_Host_ProcessNextHostState            0x00006f49   Thumb Code   552  host.o(i.USB_Host_ProcessNextHostState)
    USB_Host_SendControlRequest              0x00007189   Thumb Code   286  hoststandardreq.o(i.USB_Host_SendControlRequest)
    USB_Host_SetDeviceConfiguration          0x000072b5   Thumb Code    68  hoststandardreq.o(i.USB_Host_SetDeviceConfiguration)
    USB_Host_SetDeviceSpeed                  0x0000730d   Thumb Code     6  host.o(i.USB_Host_SetDeviceSpeed)
    USB_Host_WaitMS                          0x00007319   Thumb Code     6  host.o(i.USB_Host_WaitMS)
    USB_Init                                 0x00007321   Thumb Code    54  usbcontroller.o(i.USB_Init)
    USB_Memory_Alloc                         0x000073f9   Thumb Code   178  usbmemory.o(i.USB_Memory_Alloc)
    USB_Memory_Free                          0x000074b1   Thumb Code   200  usbmemory.o(i.USB_Memory_Free)
    USB_Memory_Init                          0x0000757d   Thumb Code    38  usbmemory.o(i.USB_Memory_Init)
    USB_ResetInterface                       0x000075a9   Thumb Code    30  usbcontroller.o(i.USB_ResetInterface)
    USB_USBTask                              0x000075c7   Thumb Code    30  usbtask.o(i.USB_USBTask)
    _is_digit                                0x00007641   Thumb Code    14  __printf_wp.o(i._is_digit)
    _sys_exit                                0x0000764f   Thumb Code     4  board_ngx_xplorer_18304330.o(i._sys_exit)
    ferror                                   0x00007653   Thumb Code     8  board_ngx_xplorer_18304330.o(i.ferror)
    fputc                                    0x0000765b   Thumb Code    20  board_ngx_xplorer_18304330.o(i.fputc)
    main                                     0x0000767d   Thumb Code   104  udisk.o(i.main)
    USB_REG_BASE_ADDR                        0x00007f20   Data           8  hal_lpc18xx.o(.constdata)
    dQueueHead                               0x00007f28   Data           8  endpoint_lpc18xx.o(.constdata)
    dTransferDescriptor                      0x00007f30   Data           8  endpoint_lpc18xx.o(.constdata)
    dStreamTD_Tbl                            0x00007f38   Data           8  endpoint_lpc18xx.o(.constdata)
    Region$$Table$$Base                      0x00007f40   Number         0  anon$$obj.o(Region$$Table)
    Region$$Table$$Limit                     0x00007f60   Number         0  anon$$obj.o(Region$$Table)
    Disk_MS_Interface                        0x20000000   Data          58  massstorage.o(.data)
    FlashDisk_MS_Interface                   0x2000003c   Data          20  massstoragehost.o(.data)
    MS_Host_DeviceEnumerated                 0x20000050   Data           4  massstoragehost.o(.data)
    FilesCopied                              0x20000054   Data           4  massstoragehost.o(.data)
    disk_cache_ptr                           0x20000078   Data           4  scsi.o(.data)
    UDA_sys_regs_dat                         0x2000007c   Data          10  board_ngx_xplorer_18304330.o(.data)
    UDA_interfil_regs_dat                    0x20000086   Data          10  board_ngx_xplorer_18304330.o(.data)
    UDA_decimator_regs_dat                   0x20000090   Data           8  board_ngx_xplorer_18304330.o(.data)
    __stdout                                 0x200000ac   Data           4  board_ngx_xplorer_18304330.o(.data)
    __stdin                                  0x200000b0   Data           4  board_ngx_xplorer_18304330.o(.data)
    __stderr                                 0x200000b4   Data           4  board_ngx_xplorer_18304330.o(.data)
    SystemCoreClock                          0x200000b8   Data           4  board_ngx_xplorer_18304330.o(.data)
    USB_Device_ConfigurationNumber           0x200000c8   Data           1  devicestandardreq.o(.data)
    USB_Device_CurrentlySelfPowered          0x200000c9   Data           1  devicestandardreq.o(.data)
    USB_Device_RemoteWakeupEnabled           0x200000ca   Data           1  devicestandardreq.o(.data)
    usb_data_buffer_size                     0x200000cc   Data           8  endpoint.o(.data)
    usb_data_buffer_index                    0x200000d4   Data           8  endpoint.o(.data)
    usb_data_buffer_OUT_size                 0x200000dc   Data           8  endpoint.o(.data)
    usb_data_buffer_OUT_index                0x200000e4   Data           8  endpoint.o(.data)
    usb_data_buffer_IN_index                 0x200000ec   Data           8  endpoint.o(.data)
    endpointselected                         0x200000f4   Data           2  endpoint.o(.data)
    endpointhandle0                          0x200000f6   Data           6  endpoint.o(.data)
    endpointhandle1                          0x200000fc   Data           4  endpoint.o(.data)
    USB_Host_ControlPipeSize                 0x20000103   Data           2  host.o(.data)
    USB_Host_ConfigurationNumber             0x20000105   Data           1  hoststandardreq.o(.data)
    pipeselected                             0x20000106   Data           2  pipe.o(.data)
    hostportspeed                            0x20000108   Data           2  pipe.o(.data)
    hostselected                             0x2000010a   Data           1  pipe.o(.data)
    USB_CurrentMode                          0x2000010b   Data           2  usbcontroller.o(.data)
    Mem_IsInitialized                        0x2000010d   Data           1  usbcontroller.o(.data)
    USB_IsInitialized                        0x20000110   Data           1  usbtask.o(.data)
    USB_ControlRequest                       0x20000114   Data           8  usbtask.o(.data)
    USB_HostState                            0x2000011c   Data           2  usbtask.o(.data)
    USB_DeviceState                          0x2000011e   Data           2  usbtask.o(.data)
    USB_BsessionState                        0x20000120   Data           4  hal_lpc18xx.o(.data)
    USB_VBUSState                            0x20000124   Data           4  hal_lpc18xx.o(.data)
    sdcardinfo                               0x2000012c   Data         872  sdmmc.o(.bss)
    disk_cache_a                             0x20000494   Data        4096  scsi.o(.bss)
    disk_cache_b                             0x20001494   Data        4096  scsi.o(.bss)
    usb_data_buffer                          0x200024c0   Data        1024  endpoint.o(.bss)
    usb_data_buffer_OUT                      0x200028c0   Data        1024  endpoint.o(.bss)
    usb_data_buffer_IN                       0x20002cc0   Data        1024  endpoint.o(.bss)
    PipeInfo                                 0x200030c0   Data         256  pipe.o(.bss)
    ehci_data                                0x20005000   Data        3584  ehci.o(.bss)
    PeriodFrameList0                         0x20006000   Data         128  ehci.o(.bss)
    PeriodFrameList1                         0x20007000   Data         128  ehci.o(.bss)
    PipeStreaming                            0x20007080   Data          24  ehci.o(.bss)
    dQueueHead0                              0x20007800   Data         768  endpoint_lpc18xx.o(.bss)
    dQueueHead1                              0x20008000   Data         512  endpoint_lpc18xx.o(.bss)
    dTransferDescriptor0                     0x20008200   Data         384  endpoint_lpc18xx.o(.bss)
    dTransferDescriptor1                     0x20008380   Data         256  endpoint_lpc18xx.o(.bss)
    dStreamTD0                               0x20008480   Data         512  endpoint_lpc18xx.o(.bss)
    dStreamTD1                               0x20008680   Data         512  endpoint_lpc18xx.o(.bss)
    iso_buffer                               0x20008880   Data         512  endpoint_lpc18xx.o(.bss)
    __libspace_start                         0x20008ab0   Data          96  libspace.o(.bss)
    __temporary_stack_top$libspace           0x20008b10   Data           0  libspace.o(.bss)



==============================================================================

Memory Map of the image

  Image Entry point : 0x00000115

  Load Region LR_IROM1 (Base: 0x00000000, Size: 0x0000808c, Max: 0x00080000, ABSOLUTE, COMPRESSED[0x00007f88])

    Execution Region ER_IROM1 (Base: 0x00000000, Size: 0x00007f60, Max: 0x00080000, ABSOLUTE)

    Base Addr    Size         Type   Attr      Idx    E Section Name        Object

    0x00000000   0x00000114   Data   RO            3    RESET               keil_startup_lpc18xx43xx.o
    0x00000114   0x00000008   Code   RO         8872  * !!!main             c_w.l(__main.o)
    0x0000011c   0x00000034   Code   RO         9095    !!!scatter          c_w.l(__scatter.o)
    0x00000150   0x0000005a   Code   RO         9093    !!dczerorl2         c_w.l(__dczerorl2.o)
    0x000001aa   0x00000002   PAD
    0x000001ac   0x0000001c   Code   RO         9097    !!handler_zi        c_w.l(__scatter_zi.o)
    0x000001c8   0x00000000   Code   RO         8855    .ARM.Collect$$_printf_percent$$00000000  c_w.l(_printf_percent.o)
    0x000001c8   0x00000006   Code   RO         8853    .ARM.Collect$$_printf_percent$$00000009  c_w.l(_printf_d.o)
    0x000001ce   0x00000004   Code   RO         8916    .ARM.Collect$$_printf_percent$$00000017  c_w.l(_printf_percent_end.o)
    0x000001d2   0x00000002   Code   RO         9035    .ARM.Collect$$libinit$$00000000  c_w.l(libinit.o)
    0x000001d4   0x00000000   Code   RO         8922    .ARM.Collect$$libinit$$00000002  c_w.l(libinit2.o)
    0x000001d4   0x00000000   Code   RO         8925    .ARM.Collect$$libinit$$00000008  c_w.l(libinit2.o)
    0x000001d4   0x00000000   Code   RO         8927    .ARM.Collect$$libinit$$0000000A  c_w.l(libinit2.o)
    0x000001d4   0x00000000   Code   RO         8929    .ARM.Collect$$libinit$$0000000C  c_w.l(libinit2.o)
    0x000001d4   0x00000000   Code   RO         8932    .ARM.Collect$$libinit$$0000000F  c_w.l(libinit2.o)
    0x000001d4   0x00000000   Code   RO         8934    .ARM.Collect$$libinit$$00000011  c_w.l(libinit2.o)
    0x000001d4   0x00000000   Code   RO         8936    .ARM.Collect$$libinit$$00000013  c_w.l(libinit2.o)
    0x000001d4   0x00000000   Code   RO         8938    .ARM.Collect$$libinit$$00000015  c_w.l(libinit2.o)
    0x000001d4   0x00000000   Code   RO         8940    .ARM.Collect$$libinit$$00000017  c_w.l(libinit2.o)
    0x000001d4   0x00000000   Code   RO         8942    .ARM.Collect$$libinit$$00000019  c_w.l(libinit2.o)
    0x000001d4   0x00000000   Code   RO         8944    .ARM.Collect$$libinit$$0000001B  c_w.l(libinit2.o)
    0x000001d4   0x00000000   Code   RO         8946    .ARM.Collect$$libinit$$0000001D  c_w.l(libinit2.o)
    0x000001d4   0x00000000   Code   RO         8948    .ARM.Collect$$libinit$$0000001F  c_w.l(libinit2.o)
    0x000001d4   0x00000000   Code   RO         8950    .ARM.Collect$$libinit$$00000021  c_w.l(libinit2.o)
    0x000001d4   0x00000000   Code   RO         8952    .ARM.Collect$$libinit$$00000023  c_w.l(libinit2.o)
    0x000001d4   0x00000000   Code   RO         8956    .ARM.Collect$$libinit$$0000002A  c_w.l(libinit2.o)
    0x000001d4   0x00000000   Code   RO         8958    .ARM.Collect$$libinit$$0000002C  c_w.l(libinit2.o)
    0x000001d4   0x00000000   Code   RO         8960    .ARM.Collect$$libinit$$0000002E  c_w.l(libinit2.o)
    0x000001d4   0x00000000   Code   RO         8962    .ARM.Collect$$libinit$$00000030  c_w.l(libinit2.o)
    0x000001d4   0x00000002   Code   RO         8963    .ARM.Collect$$libinit$$00000031  c_w.l(libinit2.o)
    0x000001d6   0x00000002   Code   RO         9090    .ARM.Collect$$libshutdown$$00000000  c_w.l(libshutdown.o)
    0x000001d8   0x00000000   Code   RO         9050    .ARM.Collect$$libshutdown$$00000003  c_w.l(libshutdown2.o)
    0x000001d8   0x00000000   Code   RO         9053    .ARM.Collect$$libshutdown$$00000006  c_w.l(libshutdown2.o)
    0x000001d8   0x00000000   Code   RO         9056    .ARM.Collect$$libshutdown$$00000009  c_w.l(libshutdown2.o)
    0x000001d8   0x00000000   Code   RO         9058    .ARM.Collect$$libshutdown$$0000000B  c_w.l(libshutdown2.o)
    0x000001d8   0x00000000   Code   RO         9061    .ARM.Collect$$libshutdown$$0000000E  c_w.l(libshutdown2.o)
    0x000001d8   0x00000002   Code   RO         9062    .ARM.Collect$$libshutdown$$0000000F  c_w.l(libshutdown2.o)
    0x000001da   0x00000000   Code   RO         8876    .ARM.Collect$$rtentry$$00000000  c_w.l(rtentry.o)
    0x000001da   0x00000000   Code   RO         8970    .ARM.Collect$$rtentry$$00000002  c_w.l(rtentry2.o)
    0x000001da   0x00000006   Code   RO         8982    .ARM.Collect$$rtentry$$00000004  c_w.l(rtentry4.o)
    0x000001e0   0x00000000   Code   RO         8972    .ARM.Collect$$rtentry$$00000009  c_w.l(rtentry2.o)
    0x000001e0   0x00000004   Code   RO         8973    .ARM.Collect$$rtentry$$0000000A  c_w.l(rtentry2.o)
    0x000001e4   0x00000000   Code   RO         8975    .ARM.Collect$$rtentry$$0000000C  c_w.l(rtentry2.o)
    0x000001e4   0x00000008   Code   RO         8976    .ARM.Collect$$rtentry$$0000000D  c_w.l(rtentry2.o)
    0x000001ec   0x00000002   Code   RO         9036    .ARM.Collect$$rtexit$$00000000  c_w.l(rtexit.o)
    0x000001ee   0x00000000   Code   RO         9066    .ARM.Collect$$rtexit$$00000002  c_w.l(rtexit2.o)
    0x000001ee   0x00000004   Code   RO         9067    .ARM.Collect$$rtexit$$00000003  c_w.l(rtexit2.o)
    0x000001f2   0x00000006   Code   RO         9068    .ARM.Collect$$rtexit$$00000004  c_w.l(rtexit2.o)
    0x000001f8   0x00000040   Code   RO            4    .text               keil_startup_lpc18xx43xx.o
    0x00000238   0x000000ee   Code   RO         8814    .text               c_w.l(lludivv7m.o)
    0x00000326   0x00000002   PAD
    0x00000328   0x00000018   Code   RO         8820    .text               c_w.l(noretval__2printf.o)
    0x00000340   0x00000078   Code   RO         8830    .text               c_w.l(_printf_dec.o)
    0x000003b8   0x00000160   Code   RO         8847    .text               c_w.l(__printf_ss_wp.o)
    0x00000518   0x00000064   Code   RO         8864    .text               c_w.l(rt_memcpy_w.o)
    0x0000057c   0x0000004e   Code   RO         8868    .text               c_w.l(rt_memclr_w.o)
    0x000005ca   0x00000006   Code   RO         8870    .text               c_w.l(heapauxi.o)
    0x000005d0   0x000000b8   Code   RO         8906    .text               c_w.l(_printf_intcommon.o)
    0x00000688   0x00000030   Code   RO         8908    .text               c_w.l(_printf_char_common.o)
    0x000006b8   0x00000024   Code   RO         8914    .text               c_w.l(_printf_char_file.o)
    0x000006dc   0x00000008   Code   RO         8966    .text               c_w.l(libspace.o)
    0x000006e4   0x0000004a   Code   RO         9010    .text               c_w.l(sys_stackheap_outer.o)
    0x0000072e   0x0000000c   Code   RO         9016    .text               c_w.l(exit.o)
    0x0000073a   0x00000008   Code   RO         7843    i.Align32           ehci.o
    0x00000742   0x00000008   Code   RO         7844    i.Align4k           ehci.o
    0x0000074a   0x00000202   Code   RO         7845    i.AllocHsItd        ehci.o
    0x0000094c   0x00000180   Code   RO         7846    i.AllocQTD          ehci.o
    0x00000acc   0x000002a6   Code   RO         7847    i.AllocQhd          ehci.o
    0x00000d72   0x00000212   Code   RO         7848    i.AllocSItd         ehci.o
    0x00000f84   0x00000038   Code   RO         7849    i.AsyncAdvanceIsr   ehci.o
    0x00000fbc   0x0000003a   Code   RO         7850    i.AsyncScheduleIsr  ehci.o
    0x00000ff6   0x00000002   PAD
    0x00000ff8   0x00000040   Code   RO         1068    i.Board_Debug_Init  board_ngx_xplorer_18304330.o
    0x00001038   0x00000058   Code   RO         1072    i.Board_Init        board_ngx_xplorer_18304330.o
    0x00001090   0x00000038   Code   RO         1074    i.Board_LED_Init    board_ngx_xplorer_18304330.o
    0x000010c8   0x00000030   Code   RO         1075    i.Board_LED_Set     board_ngx_xplorer_18304330.o
    0x000010f8   0x0000004c   Code   RO         1077    i.Board_SDMMC_Init  board_ngx_xplorer_18304330.o
    0x00001144   0x0000001c   Code   RO         1080    i.Board_UARTPutChar  board_ngx_xplorer_18304330.o
    0x00001160   0x0000004c   Code   RO         1082    i.Board_UART_Init   board_ngx_xplorer_18304330.o
    0x000011ac   0x00000010   Code   RO          476    i.CALLBACK_MS_Device_SCSICommandReceived  massstorage.o
    0x000011bc   0x00000024   Code   RO         7645    i.Chip_CREG_EnableUSB0Phy  hal_lpc18xx.o
    0x000011e0   0x00000014   Code   RO         3619    i.Chip_Clock_DisableMainPLL  clock_18xx_43xx.o
    0x000011f4   0x0000001c   Code   RO         3622    i.Chip_Clock_EnableBaseClock  clock_18xx_43xx.o
    0x00001210   0x00000020   Code   RO         3623    i.Chip_Clock_EnableCrystal  clock_18xx_43xx.o
    0x00001230   0x0000003c   Code   RO         3625    i.Chip_Clock_EnableOpts  clock_18xx_43xx.o
    0x0000126c   0x0000001c   Code   RO         3626    i.Chip_Clock_EnablePLL  clock_18xx_43xx.o
    0x00001288   0x00000050   Code   RO         3627    i.Chip_Clock_FindBaseClock  clock_18xx_43xx.o
    0x000012d8   0x00000024   Code   RO         3628    i.Chip_Clock_GetBaseClock  clock_18xx_43xx.o
    0x000012fc   0x00000012   Code   RO         3630    i.Chip_Clock_GetBaseClocktHz  clock_18xx_43xx.o
    0x0000130e   0x00000002   PAD
    0x00001310   0x0000009c   Code   RO         3631    i.Chip_Clock_GetClockInputHz  clock_18xx_43xx.o
    0x000013ac   0x00000028   Code   RO         3632    i.Chip_Clock_GetDivRate  clock_18xx_43xx.o
    0x000013d4   0x00000014   Code   RO         3633    i.Chip_Clock_GetDividerDivisor  clock_18xx_43xx.o
    0x000013e8   0x00000020   Code   RO         3634    i.Chip_Clock_GetDividerSource  clock_18xx_43xx.o
    0x00001408   0x00000078   Code   RO         3635    i.Chip_Clock_GetMainPLLHz  clock_18xx_43xx.o
    0x00001480   0x00000010   Code   RO         3636    i.Chip_Clock_GetPLLStatus  clock_18xx_43xx.o
    0x00001490   0x00000058   Code   RO         3637    i.Chip_Clock_GetRate  clock_18xx_43xx.o
    0x000014e8   0x00000048   Code   RO         3640    i.Chip_Clock_SetBaseClock  clock_18xx_43xx.o
    0x00001530   0x00000040   Code   RO         3641    i.Chip_Clock_SetDivider  clock_18xx_43xx.o
    0x00001570   0x000000bc   Code   RO         3642    i.Chip_Clock_SetupMainPLLHz  clock_18xx_43xx.o
    0x0000162c   0x000000a0   Code   RO         3643    i.Chip_Clock_SetupMainPLLMult  clock_18xx_43xx.o
    0x000016cc   0x00000038   Code   RO         3644    i.Chip_Clock_SetupPLL  clock_18xx_43xx.o
    0x00001704   0x00000020   Code   RO         3646    i.Chip_Clock_TestMainPLLMultiplier  clock_18xx_43xx.o
    0x00001724   0x00000054   Code   RO         1088    i.Chip_GPIO_WriteDirBit  board_ngx_xplorer_18304330.o
    0x00001778   0x0000000e   Code   RO         1089    i.Chip_GPIO_WritePortBit  board_ngx_xplorer_18304330.o
    0x00001786   0x00000008   Code   RO          804    i.Chip_RIT_GetCounter  sdmmc.o
    0x0000178e   0x00000002   PAD
    0x00001790   0x00000028   Code   RO         4646    i.Chip_SCU_PinMux   scu_18xx_43xx.o
    0x000017b8   0x000002dc   Code   RO         4671    i.Chip_SDMMC_Acquire  sdmmc_18xx_43xx.o
    0x00001a94   0x00000010   Code   RO         4673    i.Chip_SDMMC_GetDeviceBlocks  sdmmc_18xx_43xx.o
    0x00001aa4   0x00000020   Code   RO         4675    i.Chip_SDMMC_GetIntStatus  sdmmc_18xx_43xx.o
    0x00001ac4   0x0000003c   Code   RO         4676    i.Chip_SDMMC_GetState  sdmmc_18xx_43xx.o
    0x00001b00   0x00000018   Code   RO         4677    i.Chip_SDMMC_Init   sdmmc_18xx_43xx.o
    0x00001b18   0x000000a8   Code   RO         4678    i.Chip_SDMMC_ReadBlocks  sdmmc_18xx_43xx.o
    0x00001bc0   0x000000a0   Code   RO         4679    i.Chip_SDMMC_WriteBlocks  sdmmc_18xx_43xx.o
    0x00001c60   0x0000002c   Code   RO         4969    i.Chip_UART_DetermineClk  uart_18xx_43xx.o
    0x00001c8c   0x00000030   Code   RO         4972    i.Chip_UART_Get_UARTNum  uart_18xx_43xx.o
    0x00001cbc   0x00000028   Code   RO         4973    i.Chip_UART_Init    uart_18xx_43xx.o
    0x00001ce4   0x00000024   Code   RO         4980    i.Chip_UART_SetBaud  uart_18xx_43xx.o
    0x00001d08   0x0000001a   Code   RO         4981    i.Chip_UART_TxCmd   uart_18xx_43xx.o
    0x00001d22   0x00000028   Code   RO         6234    i.DCOMP_MS_Host_NextMSInterface  massstorageclasshost.o
    0x00001d4a   0x00000038   Code   RO         6235    i.DCOMP_MS_Host_NextMSInterfaceEndpoint  massstorageclasshost.o
    0x00001d82   0x00000002   PAD
    0x00001d84   0x00000164   Code   RO         8399    i.DcdDataTransfer   endpoint_lpc18xx.o
    0x00001ee8   0x00000014   Code   RO         8400    i.DcdInsertTD       endpoint_lpc18xx.o
    0x00001efc   0x0000016c   Code   RO         8401    i.DcdIrqHandler     endpoint_lpc18xx.o
    0x00002068   0x00000042   Code   RO         8402    i.DcdPrepareTD      endpoint_lpc18xx.o
    0x000020aa   0x0000000e   Code   RO         7851    i.DisableAsyncSchedule  ehci.o
    0x000020b8   0x0000000e   Code   RO         7852    i.DisablePeriodSchedule  ehci.o
    0x000020c6   0x00000002   PAD
    0x000020c8   0x00000054   Code   RO         7853    i.DisableSchedule   ehci.o
    0x0000211c   0x0000000c   Code   RO         8403    i.Dummy_EPGetISOAddress  endpoint_lpc18xx.o
    0x00002128   0x00000002   Code   RO         8404    i.Dummy_EVENT_USB_Device_TransferComplete  endpoint_lpc18xx.o
    0x0000212a   0x00000002   PAD
    0x0000212c   0x000001c4   Code   RO         7854    i.EHciHostInit      ehci.o
    0x000022f0   0x00000080   Code   RO         7855    i.EHciHostReset     ehci.o
    0x00002370   0x00000030   Code   RO          638    i.EVENT_USB_Host_DeviceAttached  massstoragehost.o
    0x000023a0   0x00000278   Code   RO          639    i.EVENT_USB_Host_DeviceEnumerationComplete  massstoragehost.o
    0x00002618   0x00000024   Code   RO          640    i.EVENT_USB_Host_DeviceEnumerationFailed  massstoragehost.o
    0x0000263c   0x00000044   Code   RO          641    i.EVENT_USB_Host_DeviceUnattached  massstoragehost.o
    0x00002680   0x0000000e   Code   RO         7856    i.EnableAsyncSchedule  ehci.o
    0x0000268e   0x0000000e   Code   RO         7857    i.EnablePeriodSchedule  ehci.o
    0x0000269c   0x00000054   Code   RO         7858    i.EnableSchedule    ehci.o
    0x000026f0   0x0000010c   Code   RO         7003    i.Endpoint_ClearStatusStage  endpoint.o
    0x000027fc   0x00000144   Code   RO         8405    i.Endpoint_ConfigureEndpoint  endpoint_lpc18xx.o
    0x00002940   0x00000020   Code   RO         8406    i.Endpoint_GetSetupPackage  endpoint_lpc18xx.o
    0x00002960   0x000000f0   Code   RO         7062    i.Endpoint_Null_Stream  endpointstream.o
    0x00002a50   0x000000c4   Code   RO         7066    i.Endpoint_Read_Stream_LE  endpointstream.o
    0x00002b14   0x00000168   Code   RO         8407    i.Endpoint_Streaming  endpoint_lpc18xx.o
    0x00002c7c   0x000000ac   Code   RO         7068    i.Endpoint_Write_Control_Stream_LE  endpointstream.o
    0x00002d28   0x00000084   Code   RO         7069    i.Endpoint_Write_Stream_BE  endpointstream.o
    0x00002dac   0x00000104   Code   RO         7070    i.Endpoint_Write_Stream_LE  endpointstream.o
    0x00002eb0   0x0000000e   Code   RO         7859    i.FreeHsItd         ehci.o
    0x00002ebe   0x0000003a   Code   RO         7860    i.FreeQhd           ehci.o
    0x00002ef8   0x00000012   Code   RO         7861    i.FreeQtd           ehci.o
    0x00002f0a   0x0000000e   Code   RO         7862    i.FreeSItd          ehci.o
    0x00002f18   0x00000058   Code   RO         1090    i.GPIO0_IRQHandler  board_ngx_xplorer_18304330.o
    0x00002f70   0x000000a6   Code   RO          805    i.Green2Flashes     sdmmc.o
    0x00003016   0x00000026   Code   RO         7647    i.HAL_EnableUSBInterrupt  hal_lpc18xx.o
    0x0000303c   0x00000168   Code   RO         8408    i.HAL_Reset         endpoint_lpc18xx.o
    0x000031a4   0x0000003c   Code   RO         7648    i.HAL_USBConnect    hal_lpc18xx.o
    0x000031e0   0x000000ec   Code   RO         7650    i.HAL_USBInit       hal_lpc18xx.o
    0x000032cc   0x00000018   Code   RO         7863    i.HcdAsyncHead      ehci.o
    0x000032e4   0x0000014c   Code   RO         7864    i.HcdCancelTransfer  ehci.o
    0x00003430   0x00000006   Code   RO         7865    i.HcdClearEndpointHalt  ehci.o
    0x00003436   0x00000002   PAD
    0x00003438   0x00000094   Code   RO         7866    i.HcdClosePipe      ehci.o
    0x000034cc   0x00000166   Code   RO         7867    i.HcdControlTransfer  ehci.o
    0x00003632   0x000001ba   Code   RO         7868    i.HcdDataTransfer   ehci.o
    0x000037ec   0x0000003c   Code   RO         7869    i.HcdDeInitDriver   ehci.o
    0x00003828   0x00000020   Code   RO         8269    i.HcdDelayMS        hcd.o
    0x00003848   0x00000018   Code   RO         8270    i.HcdDelayUS        hcd.o
    0x00003860   0x00000030   Code   RO         7870    i.HcdGetDeviceSpeed  ehci.o
    0x00003890   0x00000014   Code   RO         7871    i.HcdGetFrameNumber  ehci.o
    0x000038a4   0x0000002e   Code   RO         7872    i.HcdGetPipeStatus  ehci.o
    0x000038d2   0x00000002   PAD
    0x000038d4   0x0000001c   Code   RO         7873    i.HcdHsITD          ehci.o
    0x000038f0   0x00000012   Code   RO         7874    i.HcdInitDriver     ehci.o
    0x00003902   0x00000002   PAD
    0x00003904   0x00000018   Code   RO         7875    i.HcdIntHead        ehci.o
    0x0000391c   0x00000108   Code   RO         7876    i.HcdIrqHandler     ehci.o
    0x00003a24   0x00000148   Code   RO         7877    i.HcdOpenPipe       ehci.o
    0x00003b6c   0x0000001c   Code   RO         7878    i.HcdQHD            ehci.o
    0x00003b88   0x0000001c   Code   RO         7879    i.HcdQTD            ehci.o
    0x00003ba4   0x0000005c   Code   RO         7882    i.HcdRhPortReset    ehci.o
    0x00003c00   0x0000001c   Code   RO         7883    i.HcdSITD           ehci.o
    0x00003c1c   0x0000002c   Code   RO         7884    i.HcdSetStreamPacketSize  ehci.o
    0x00003c48   0x00000074   Code   RO         2811    i.IP_SDMMC_DmaSetup  sdmmc_001.o
    0x00003cbc   0x00000006   Code   RO         2812    i.IP_SDMMC_GetRawIntStatus  sdmmc_001.o
    0x00003cc2   0x00000012   Code   RO         2813    i.IP_SDMMC_GetResponse  sdmmc_001.o
    0x00003cd4   0x00000040   Code   RO         2814    i.IP_SDMMC_Init     sdmmc_001.o
    0x00003d14   0x00000050   Code   RO         2817    i.IP_SDMMC_SendCmd  sdmmc_001.o
    0x00003d64   0x00000004   Code   RO         2818    i.IP_SDMMC_SetBlkSize  sdmmc_001.o
    0x00003d68   0x00000006   Code   RO         2819    i.IP_SDMMC_SetBlockSize  sdmmc_001.o
    0x00003d6e   0x00000004   Code   RO         2820    i.IP_SDMMC_SetCardType  sdmmc_001.o
    0x00003d72   0x0000001a   Code   RO         2821    i.IP_SDMMC_SetClearIntFifo  sdmmc_001.o
    0x00003d8c   0x00000050   Code   RO         2822    i.IP_SDMMC_SetClock  sdmmc_001.o
    0x00003ddc   0x00000004   Code   RO         2823    i.IP_SDMMC_SetIntMask  sdmmc_001.o
    0x00003de0   0x00000004   Code   RO         2824    i.IP_SDMMC_SetRawIntStatus  sdmmc_001.o
    0x00003de4   0x00000016   Code   RO         2979    i.IP_UART_ConfigData  usart_001.o
    0x00003dfa   0x00000060   Code   RO         2985    i.IP_UART_Init      usart_001.o
    0x00003e5a   0x00000016   Code   RO         2991    i.IP_UART_SendByte  usart_001.o
    0x00003e70   0x00000162   Code   RO         2992    i.IP_UART_SetBaud   usart_001.o
    0x00003fd2   0x0000003c   Code   RO         2993    i.IP_UART_TxCmd     usart_001.o
    0x0000400e   0x00000020   Code   RO         7885    i.InsertLinkPointer  ehci.o
    0x0000402e   0x00000002   PAD
    0x00004030   0x00000010   Code   RO         1752    i.MMC_disk_reset    fs_mci.o
    0x00004040   0x0000000c   Code   RO          952    i.MSC_Get_Block_Count  scsi.o
    0x0000404c   0x00000134   Code   RO         5574    i.MS_Device_ReadInCommandBlock  massstorageclassdevice.o
    0x00004180   0x00000148   Code   RO         5575    i.MS_Device_ReturnCommandStatus  massstorageclassdevice.o
    0x000042c8   0x00000368   Code   RO         5576    i.MS_Device_USBTask  massstorageclassdevice.o
    0x00004630   0x000000fc   Code   RO         6236    i.MS_Host_ConfigurePipes  massstorageclasshost.o
    0x0000472c   0x0000005c   Code   RO         6237    i.MS_Host_GetInquiryData  massstorageclasshost.o
    0x00004788   0x00000050   Code   RO         6238    i.MS_Host_GetMaxLUN  massstorageclasshost.o
    0x000047d8   0x00000078   Code   RO         6239    i.MS_Host_GetReturnedStatus  massstorageclasshost.o
    0x00004850   0x00000054   Code   RO         6243    i.MS_Host_RequestSense  massstorageclasshost.o
    0x000048a4   0x000000a0   Code   RO         6244    i.MS_Host_ResetMSInterface  massstorageclasshost.o
    0x00004944   0x000000f0   Code   RO         6245    i.MS_Host_SendCommand  massstorageclasshost.o
    0x00004a34   0x00000094   Code   RO         6246    i.MS_Host_SendReceiveData  massstorageclasshost.o
    0x00004ac8   0x00000158   Code   RO         6248    i.MS_Host_WaitForDataReceived  massstorageclasshost.o
    0x00004c20   0x0000001c   Code   RO          479    i.MassStorageDeviceSetupHardware  massstorage.o
    0x00004c3c   0x00000018   Code   RO          656    i.MassStorageHostSetupHardware  massstoragehost.o
    0x00004c54   0x000000e2   Code   RO         8271    i.OpenPipe_VerifyParameters  hcd.o
    0x00004d36   0x00000002   PAD
    0x00004d38   0x00000144   Code   RO         7886    i.PeriodScheduleIsr  ehci.o
    0x00004e7c   0x00000058   Code   RO         7332    i.Pipe_ClosePipe    pipe.o
    0x00004ed4   0x000000e0   Code   RO         7333    i.Pipe_ConfigurePipe  pipe.o
    0x00004fb4   0x00000006   Code   RO         7334    i.Pipe_IsEndpointBound  pipe.o
    0x00004fba   0x00000002   PAD
    0x00004fbc   0x00000090   Code   RO         7335    i.Pipe_IsINReceived  pipe.o
    0x0000504c   0x00000224   Code   RO         7397    i.Pipe_Read_Stream_LE  pipestream.o
    0x00005270   0x0000005c   Code   RO         7398    i.Pipe_Streaming    pipestream.o
    0x000052cc   0x000000f8   Code   RO         7336    i.Pipe_WaitUntilReady  pipe.o
    0x000053c4   0x000000c4   Code   RO         7404    i.Pipe_Write_Stream_LE  pipestream.o
    0x00005488   0x00000012   Code   RO         7887    i.PipehandleCreate  ehci.o
    0x0000549a   0x00000056   Code   RO         7888    i.PipehandleParse   ehci.o
    0x000054f0   0x0000001a   Code   RO         7889    i.PortStatusChangeIsr  ehci.o
    0x0000550a   0x00000002   PAD
    0x0000550c   0x000000d0   Code   RO         7890    i.QueueITDs         ehci.o
    0x000055dc   0x00000160   Code   RO         7891    i.QueueQTDs         ehci.o
    0x0000573c   0x000000cc   Code   RO         7892    i.QueueSITDs        ehci.o
    0x00005808   0x000000e0   Code   RO         7893    i.RemoveCompletedQTD  ehci.o
    0x000058e8   0x00000076   Code   RO         7894    i.RemoveErrorQTD    ehci.o
    0x0000595e   0x0000009e   Code   RO         7895    i.RemoveQueueHead   ehci.o
    0x000059fc   0x000000fc   Code   RO          953    i.SCSI_Command_Inquiry  scsi.o
    0x00005af8   0x000001a0   Code   RO          954    i.SCSI_Command_ModeSense_6  scsi.o
    0x00005c98   0x000001b4   Code   RO          955    i.SCSI_Command_ReadWrite_10  scsi.o
    0x00005e4c   0x000000b0   Code   RO          956    i.SCSI_Command_Read_Capacity_10  scsi.o
    0x00005efc   0x000000b8   Code   RO          957    i.SCSI_Command_Request_Sense  scsi.o
    0x00005fb4   0x00000034   Code   RO          958    i.SCSI_Command_Send_Diagnostic  scsi.o
    0x00005fe8   0x000000d4   Code   RO          959    i.SCSI_DecodeSCSICommand  scsi.o
    0x000060bc   0x00000020   Code   RO          806    i.SDIO_IRQHandler   sdmmc.o
    0x000060dc   0x0000006c   Code   RO          807    i.SDMMCAcquire      sdmmc.o
    0x00006148   0x00000044   Code   RO          808    i.SDMMCSetupHardware  sdmmc.o
    0x0000618c   0x00000014   Code   RO         1093    i.SystemCoreClockUpdate  board_ngx_xplorer_18304330.o
    0x000061a0   0x00000020   Code   RO         1422    i.SystemInit        sysinit_ngx_xplorer_18304330.o
    0x000061c0   0x0000010c   Code   RO         1423    i.SystemSetupClocking  sysinit_ngx_xplorer_18304330.o
    0x000062cc   0x00000002   Code   RO         1424    i.SystemSetupMemory  sysinit_ngx_xplorer_18304330.o
    0x000062ce   0x00000002   PAD
    0x000062d0   0x00000034   Code   RO         1425    i.SystemSetupMuxing  sysinit_ngx_xplorer_18304330.o
    0x00006304   0x000001f8   Code   RO         8409    i.TransferCompleteISR  endpoint_lpc18xx.o
    0x000064fc   0x00000024   Code   RO         7651    i.USB0_IRQHandler   hal_lpc18xx.o
    0x00006520   0x00000024   Code   RO         7652    i.USB1_IRQHandler   hal_lpc18xx.o
    0x00006544   0x00000050   Code   RO         7593    i.USB_DeviceTask    usbtask.o
    0x00006594   0x000001ac   Code   RO         6929    i.USB_Device_ClearSetFeature  devicestandardreq.o
    0x00006740   0x000000fc   Code   RO         6930    i.USB_Device_GetConfiguration  devicestandardreq.o
    0x0000683c   0x000000c0   Code   RO         6931    i.USB_Device_GetDescriptor  devicestandardreq.o
    0x000068fc   0x000001c8   Code   RO         6932    i.USB_Device_GetStatus  devicestandardreq.o
    0x00006ac4   0x0000013c   Code   RO         6933    i.USB_Device_ProcessControlRequest  devicestandardreq.o
    0x00006c00   0x000000e8   Code   RO         6934    i.USB_Device_SetAddress  devicestandardreq.o
    0x00006ce8   0x00000080   Code   RO         6935    i.USB_Device_SetConfiguration  devicestandardreq.o
    0x00006d68   0x00000002   Code   RO         7147    i.USB_Event_Stub    events.o
    0x00006d6a   0x00000002   PAD
    0x00006d6c   0x0000000c   Code   RO         7493    i.USB_GetCurrentMode  usbcontroller.o
    0x00006d78   0x0000001a   Code   RO         6736    i.USB_GetNextDescriptor  configdescriptor.o
    0x00006d92   0x00000044   Code   RO         6737    i.USB_GetNextDescriptorComp  configdescriptor.o
    0x00006dd6   0x00000002   PAD
    0x00006dd8   0x00000028   Code   RO         7594    i.USB_HostTask      usbtask.o
    0x00006e00   0x0000003c   Code   RO         7260    i.USB_Host_ClearEndpointStall  hoststandardreq.o
    0x00006e3c   0x00000044   Code   RO         7161    i.USB_Host_DeEnumerate  host.o
    0x00006e80   0x00000018   Code   RO         7162    i.USB_Host_Enumerate  host.o
    0x00006e98   0x0000000c   Code   RO         7163    i.USB_Host_GetActiveHost  host.o
    0x00006ea4   0x00000094   Code   RO         6741    i.USB_Host_GetDeviceConfigDescriptor  configdescriptor.o
    0x00006f38   0x00000010   Code   RO         7165    i.USB_Host_GetFrameNumber  host.o
    0x00006f48   0x00000240   Code   RO         7166    i.USB_Host_ProcessNextHostState  host.o
    0x00007188   0x0000012c   Code   RO         7264    i.USB_Host_SendControlRequest  hoststandardreq.o
    0x000072b4   0x00000058   Code   RO         7265    i.USB_Host_SetDeviceConfiguration  hoststandardreq.o
    0x0000730c   0x0000000c   Code   RO         7168    i.USB_Host_SetDeviceSpeed  host.o
    0x00007318   0x00000006   Code   RO         7169    i.USB_Host_WaitMS   host.o
    0x0000731e   0x00000002   PAD
    0x00007320   0x00000044   Code   RO         7494    i.USB_Init          usbcontroller.o
    0x00007364   0x00000048   Code   RO         7495    i.USB_Init_Device   usbcontroller.o
    0x000073ac   0x0000004c   Code   RO         7496    i.USB_Init_Host     usbcontroller.o
    0x000073f8   0x000000b8   Code   RO         7555    i.USB_Memory_Alloc  usbmemory.o
    0x000074b0   0x000000cc   Code   RO         7556    i.USB_Memory_Free   usbmemory.o
    0x0000757c   0x0000002c   Code   RO         7557    i.USB_Memory_Init   usbmemory.o
    0x000075a8   0x0000001e   Code   RO         7497    i.USB_ResetInterface  usbcontroller.o
    0x000075c6   0x0000001e   Code   RO         7595    i.USB_USBTask       usbtask.o
    0x000075e4   0x00000038   Code   RO         7896    i.UsbErrorIsr       ehci.o
    0x0000761c   0x00000024   Code   RO         7897    i.WaitForTransferComplete  ehci.o
    0x00007640   0x0000000e   Code   RO         8842    i._is_digit         c_w.l(__printf_wp.o)
    0x0000764e   0x00000004   Code   RO         1099    i._sys_exit         board_ngx_xplorer_18304330.o
    0x00007652   0x00000008   Code   RO         1102    i.ferror            board_ngx_xplorer_18304330.o
    0x0000765a   0x00000014   Code   RO         1104    i.fputc             board_ngx_xplorer_18304330.o
    0x0000766e   0x0000000c   Code   RO         7898    i.isValidLink       ehci.o
    0x0000767a   0x00000002   PAD
    0x0000767c   0x000000e4   Code   RO           12    i.main              udisk.o
    0x00007760   0x00000014   Code   RO         4680    i.prv_card_acquired  sdmmc_18xx_43xx.o
    0x00007774   0x00000040   Code   RO         4681    i.prv_get_bits      sdmmc_18xx_43xx.o
    0x000077b4   0x00000194   Code   RO         4682    i.prv_process_csd   sdmmc_18xx_43xx.o
    0x00007948   0x00000068   Code   RO         4683    i.prv_set_card_params  sdmmc_18xx_43xx.o
    0x000079b0   0x00000074   Code   RO         4684    i.prv_set_trans_state  sdmmc_18xx_43xx.o
    0x00007a24   0x000001b8   Code   RO         4685    i.sdmmc_execute_command  sdmmc_18xx_43xx.o
    0x00007bdc   0x00000020   Code   RO          810    i.sdmmc_irq_driven_wait  sdmmc.o
    0x00007bfc   0x00000048   Code   RO          811    i.sdmmc_setup_wakeup  sdmmc.o
    0x00007c44   0x00000050   Code   RO          812    i.sdmmc_waitms      sdmmc.o
    0x00007c94   0x0000005f   Data   RO          660    .constdata          massstoragehost.o
    0x00007cf3   0x00000024   Data   RO          961    .constdata          scsi.o
    0x00007d17   0x00000001   PAD
    0x00007d18   0x000000b8   Data   RO         1426    .constdata          sysinit_ngx_xplorer_18304330.o
    0x00007dd0   0x00000018   Data   RO         3647    .constdata          clock_18xx_43xx.o
    0x00007de8   0x000000ef   Data   RO         6250    .constdata          massstorageclasshost.o
    0x00007ed7   0x00000001   PAD
    0x00007ed8   0x00000008   Data   RO         6742    .constdata          configdescriptor.o
    0x00007ee0   0x00000010   Data   RO         7170    .constdata          host.o
    0x00007ef0   0x00000030   Data   RO         7267    .constdata          hoststandardreq.o
    0x00007f20   0x00000008   Data   RO         7657    .constdata          hal_lpc18xx.o
    0x00007f28   0x00000018   Data   RO         8411    .constdata          endpoint_lpc18xx.o
    0x00007f40   0x00000020   Data   RO         9091    Region$$Table       anon$$obj.o


    Execution Region RW_IRAM1 (Base: 0x10000000, Size: 0x00000000, Max: 0x00008000, ABSOLUTE)

    **** No section assigned to this execution region ****


    Execution Region RW_IRAM2 (Base: 0x20000000, Size: 0x00008d10, Max: 0x00010000, ABSOLUTE, COMPRESSED[0x00000028])

    Base Addr    Size         Type   Attr      Idx    E Section Name        Object

    0x20000000   0x0000003a   Data   RW          481    .data               massstorage.o
    0x2000003a   0x00000002   PAD
    0x2000003c   0x00000024   Data   RW          661    .data               massstoragehost.o
    0x20000060   0x00000004   Data   RW          814    .data               sdmmc.o
    0x20000064   0x00000018   Data   RW          962    .data               scsi.o
    0x2000007c   0x00000040   Data   RW         1110    .data               board_ngx_xplorer_18304330.o
    0x200000bc   0x00000008   Data   RW         1760    .data               fs_mci.o
    0x200000c4   0x00000004   Data   RW         4686    .data               sdmmc_18xx_43xx.o
    0x200000c8   0x00000003   Data   RW         6936    .data               devicestandardreq.o
    0x200000cb   0x00000001   PAD
    0x200000cc   0x00000034   Data   RW         7007    .data               endpoint.o
    0x20000100   0x00000005   Data   RW         7171    .data               host.o
    0x20000105   0x00000001   Data   RW         7268    .data               hoststandardreq.o
    0x20000106   0x00000005   Data   RW         7338    .data               pipe.o
    0x2000010b   0x00000003   Data   RW         7498    .data               usbcontroller.o
    0x2000010e   0x00000002   PAD
    0x20000110   0x00000010   Data   RW         7596    .data               usbtask.o
    0x20000120   0x0000000a   Data   RW         7658    .data               hal_lpc18xx.o
    0x2000012a   0x00000002   PAD
    0x2000012c   0x00000368   Zero   RW          813    .bss                sdmmc.o
    0x20000494   0x00002000   Zero   RW          960    .bss                scsi.o
    0x20002494   0x0000002c   PAD
    0x200024c0   0x00000c00   Zero   RW         7006    .bss                endpoint.o
    0x200030c0   0x00000100   Zero   RW         7337    .bss                pipe.o
    0x200031c0   0x00001000   Zero   RW         7558    .bss                usbmemory.o
    0x200041c0   0x00000e40   PAD
    0x20005000   0x00002098   Zero   RW         7899    .bss                ehci.o
    0x20007098   0x00000768   PAD
    0x20007800   0x000012b0   Zero   RW         8410    .bss                endpoint_lpc18xx.o
    0x20008ab0   0x00000060   Zero   RW         8967    .bss                c_w.l(libspace.o)
    0x20008b10   0x00000000   Zero   RW            2    HEAP                keil_startup_lpc18xx43xx.o
    0x20008b10   0x00000200   Zero   RW            1    STACK               keil_startup_lpc18xx43xx.o


==============================================================================

Image component sizes


      Code (inc. data)   RO Data    RW Data    ZI Data      Debug   Object Name

         0          0          0          0          0      11048   audioclasshost.o
       674         46          0         64          0      35477   board_ngx_xplorer_18304330.o
      1346        150         24          0          0      14363   clock_18xx_43xx.o
       242         12          8          0          0      15592   configdescriptor.o
         0          0          0          0          0       1308   device.o
      2004        226          0          3          0      16976   devicestandardreq.o
      7364        168          0          0       8344      47930   ehci.o
       268         44          0         52       3072       6850   endpoint.o
      2400        172         24          0       4784      17714   endpoint_lpc18xx.o
      1000        152          0          0          0      13607   endpointstream.o
         2          0          0          0          0        401   events.o
        16          6          0          8          0       8838   fs_mci.o
       442         50          8         10          0      27787   hal_lpc18xx.o
       282          0          0          0          0       5214   hcd.o
         0          0          0          0          0       2280   hidclassdevice.o
       714         60         16          5          0       4894   host.o
       448         48         48          1          0       7040   hoststandardreq.o
        64         24        276          0        512        876   keil_startup_lpc18xx43xx.o
        44          6          0         58          0       1854   massstorage.o
      1508         94          0          0          0      14693   massstorageclassdevice.o
      1616         98        239          0          0      17459   massstorageclasshost.o
       808        480         95         36          0       8699   massstoragehost.o
       710         38          0          5        256       7978   pipe.o
       836         26          0          0          0       7305   pipestream.o
      1740        174         36         24       8192      16065   scsi.o
        40         10          0          0          0        606   scu_18xx_43xx.o
       566         84          0          4        872      60610   sdmmc.o
       412         20          0          0          0       6698   sdmmc_001.o
      2340        146          0          4          0      10105   sdmmc_18xx_43xx.o
       354         42        184          0          0       3385   sysinit_ngx_xplorer_18304330.o
       194         24          0          0          0       3191   uart_18xx_43xx.o
       228        124          0          0          0      98411   udisk.o
       554          0          0          0          0       3953   usart_001.o
       258         52          0          3          0       3349   usbcontroller.o
       432         16          0          0       4096       3179   usbmemory.o
       150         18          0         16          0      13823   usbtask.o

    ----------------------------------------------------------------------
     30092       2610        992        300      35716     519558   Object Totals
         0          0         32          0          0          0   (incl. Generated)
        36          0          2          7       5588          0   (incl. Padding)

    ----------------------------------------------------------------------

      Code (inc. data)   RO Data    RW Data    ZI Data      Debug   Library Member Name

        90          0          0          0          0          0   __dczerorl2.o
         8          0          0          0          0         68   __main.o
       352          0          0          0          0         88   __printf_ss_wp.o
        14          0          0          0          0         68   __printf_wp.o
        52          8          0          0          0          0   __scatter.o
        28          0          0          0          0          0   __scatter_zi.o
        48          6          0          0          0         96   _printf_char_common.o
        36          4          0          0          0         80   _printf_char_file.o
         6          0          0          0          0          0   _printf_d.o
       120         18          0          0          0         92   _printf_dec.o
       184          0          0          0          0         88   _printf_intcommon.o
         0          0          0          0          0          0   _printf_percent.o
         4          0          0          0          0          0   _printf_percent_end.o
        12          0          0          0          0         72   exit.o
         6          0          0          0          0        152   heapauxi.o
         2          0          0          0          0          0   libinit.o
         2          0          0          0          0          0   libinit2.o
         2          0          0          0          0          0   libshutdown.o
         2          0          0          0          0          0   libshutdown2.o
         8          4          0          0         96         68   libspace.o
       238          0          0          0          0        100   lludivv7m.o
        24          4          0          0          0         84   noretval__2printf.o
        78          0          0          0          0         80   rt_memclr_w.o
       100          0          0          0          0         80   rt_memcpy_w.o
         0          0          0          0          0          0   rtentry.o
        12          0          0          0          0          0   rtentry2.o
         6          0          0          0          0          0   rtentry4.o
         2          0          0          0          0          0   rtexit.o
        10          0          0          0          0          0   rtexit2.o
        74          0          0          0          0         80   sys_stackheap_outer.o

    ----------------------------------------------------------------------
      1524         44          0          0         96       1296   Library Totals
         4          0          0          0          0          0   (incl. Padding)

    ----------------------------------------------------------------------

      Code (inc. data)   RO Data    RW Data    ZI Data      Debug   Library Name

      1520         44          0          0         96       1296   c_w.l

    ----------------------------------------------------------------------
      1524         44          0          0         96       1296   Library Totals

    ----------------------------------------------------------------------

==============================================================================


      Code (inc. data)   RO Data    RW Data    ZI Data      Debug   

     31616       2654        992        300      35812     508166   Grand Totals
     31616       2654        992         40      35812     508166   ELF Image Totals (compressed)
     31616       2654        992         40          0          0   ROM Totals

==============================================================================

    Total RO  Size (Code + RO Data)                32608 (  31.84kB)
    Total RW  Size (RW Data + ZI Data)             36112 (  35.27kB)
    Total ROM Size (Code + RO Data + RW Data)      32648 (  31.88kB)

==============================================================================

